Filtering the log data using "subsystem CONTAINS "bluetooth" OR processImagePath CONTAINS "bluetoothd""
Timestamp               Ty Process[PID:TID]
2026-05-08 00:43:42.921 Df blueutil[1441:4158] [com.apple.bluetooth:IOBluetooth] Loading Shim Coordinator
2026-05-08 00:43:42.923 Db blueutil[1441:4158] [com.apple.bluetooth:CoreBluetooth] Sending XPC message 1: {
    kCBMsgArgName = blueutil;
    kCBMsgArgOptions =     {
        kCBManagerIsIOBluetoothShim = 0;
        kCBManagerPrivacySupported = 1;
        kCBMsgArgIsPrivilegedDaemon = 1;
    };
    kCBMsgArgType = 0;
    kCBMsgArgVersion = 20161219;
}
2026-05-08 00:43:42.923 A  bluetoothd[376:11d9] (libsystem_info.dylib) Membership API: translate identifier
2026-05-08 00:43:42.923 Db blueutil[1441:4158] [com.apple.bluetooth:CoreBluetooth] Sending XPC message 1: {
    kCBMsgArgName = blueutil;
    kCBMsgArgOptions =     {
        kCBMsgArgIsPrivilegedDaemon = 1;
    };
    kCBMsgArgType = 3;
    kCBMsgArgVersion = 20161219;
}
2026-05-08 00:43:42.923 Db blueutil[1441:4158] [com.apple.bluetooth:CoreBluetooth] Sending synchronous XPC message 7: (null)
2026-05-08 00:43:42.923 A  bluetoothd[376:3e8d] (libsystem_info.dylib) Membership API: translate identifier
2026-05-08 00:43:42.923 Df bluetoothd[376:3e8d] [com.apple.xpc:connection] [0x992b470c0] activating connection: mach=false listener=false peer=true name=com.apple.server.bluetooth.classic.xpc.peer[1441].0x992b470c0
2026-05-08 00:43:42.924 Df bluetoothd[376:11d9] [com.apple.xpc:connection] [0x992b46440] activating connection: mach=false listener=false peer=true name=com.apple.server.bluetooth.le.att.xpc.peer[1441].0x992b46440
2026-05-08 00:43:42.924 Df bluetoothd[376:11d9] [com.apple.bluetooth:Server.XPC] Received XPC message "CBClassicMsgIdCheckIn" from session ""
2026-05-08 00:43:42.926 Df bluetoothd[376:11d9] [com.apple.bluetooth:Server.XPC] Classic kCBManagerAppSDKVersion for app blueutil-555549444638cccf372830aa9d27a5ff8feba8c8 : 0
2026-05-08 00:43:42.928 Df bluetoothd[376:11d9] [com.apple.bluetooth:Server.XPC] Classic Received XPC check-in from session "blueutil-555549444638cccf372830aa9d27a5ff8feba8c8-classic-1441-47"
2026-05-08 00:43:42.928 Df bluetoothd[376:11d9] [com.apple.bluetooth:Server.Core] Sending 'session attached' event for session "blueutil-555549444638cccf372830aa9d27a5ff8feba8c8-classic-1441-47"
2026-05-08 00:43:42.928 Df bluetoothd[376:11d9] [com.apple.bluetooth:Server.Core] Attached session for "blueutil-555549444638cccf372830aa9d27a5ff8feba8c8-classic-1441-47" with session: 0x992176f80, session handle: 0xedca0000
2026-05-08 00:43:42.928 Df bluetoothd[376:11d9] [com.apple.bluetooth:Server.App] Registering classic session "blueutil-555549444638cccf372830aa9d27a5ff8feba8c8-classic-1441-47" with backgrounding: off, persistence: off restoreID: (null)
2026-05-08 00:43:42.924 Db bluetoothd[376:3e8d] [com.apple.bluetooth:Server.A2DP] No corresponding device for XX:XX:XX:XX:XX:XX "[REDACTED] Mouse" - "[REDACTED] Mouse" found in fA2dpHandleToDeviceMap (0 devices)
2026-05-08 00:43:42.928 Db bluetoothd[376:3e8d] [com.apple.bluetooth:Server.A2DP] isStreamingAudioToDevice: Unable to retrieve handle for device.
2026-05-08 00:43:42.928 Df bluetoothd[376:3e8d] [com.apple.bluetooth:Server.MacCoex] Posting Bluetooth Status Notification {
    "A2DP_CONNECTION_COUNT" = 0;
    "CONNECTED_HID_DEVICE_COUNT" = 1;
    "DESENSE_DETECTION" = 0;
    "ESTIMATED_BANDWIDTH_UTILIZATION" = 25;
    "POWER_STATE" = 1;
    "SCO_CONNECTION_COUNT" = 0;
}
2026-05-08 00:43:42.929 E  bluetoothd[376:11d9] [com.apple.bluetooth:Server.Core] Error getting Application State for blueutil-555549444638cccf372830aa9d27a5ff8feba8c8: Error Domain=RBSRequestErrorDomain Code=3 "Specified predicate did not match any processes" UserInfo={NSLocalizedFailureReason=Specified predicate did not match any processes}, 3
2026-05-08 00:43:42.929 E  bluetoothd[376:11d9] [com.apple.bluetooth:Server.Core] Error getting Application State for blueutil-555549444638cccf372830aa9d27a5ff8feba8c8: Error Domain=RBSRequestErrorDomain Code=3 "Specified predicate did not match any processes" UserInfo={NSLocalizedFailureReason=Specified predicate did not match any processes}, 3
2026-05-08 00:43:42.929 Df bluetoothd[376:11d9] [com.apple.bluetooth:Server.App] Session "blueutil-555549444638cccf372830aa9d27a5ff8feba8c8-classic-1441-47" : needsRestrictedStateOperation = 0, overrideRestrictedState = 0 , denylistMode = 0
2026-05-08 00:43:42.929 Df bluetoothd[376:11d9] [com.apple.bluetooth:Server.XPC] Sending 'state updated' event with state "On" to session "blueutil-555549444638cccf372830aa9d27a5ff8feba8c8-classic-1441-47"
2026-05-08 00:43:42.929 Db bluetoothd[376:11d9] [com.apple.bluetooth:Server.XPC] Sending XPC message "CBClassicMsgIdStateUpdated" to session "blueutil-555549444638cccf372830aa9d27a5ff8feba8c8-classic-1441-47"
2026-05-08 00:43:42.929 Df bluetoothd[376:11d9] [com.apple.bluetooth:Server.XPC] Received XPC message "CBMsgIdCheckIn" from session ""
2026-05-08 00:43:42.929 Df bluetoothd[376:11d9] [com.apple.bluetooth:Server.XPC] Received XPC check-in from session "blueutil-555549444638cccf372830aa9d27a5ff8feba8c8-central-1441-46" fAccessLevel 0 fProgrammaticPairing 0 fDeviceAccessForMediaSession 0 fDeviceAccessPerAccessorySession 0
2026-05-08 00:43:42.929 Df bluetoothd[376:11d9] [com.apple.bluetooth:Server.XPC] Access level is less than kXPCAccessLevelSystem for session "blueutil-555549444638cccf372830aa9d27a5ff8feba8c8-central-1441-46". Restricted state operation not allowed
2026-05-08 00:43:42.929 Df bluetoothd[376:11d9] [com.apple.bluetooth:Server.Core] Sending 'session attached' event for session "blueutil-555549444638cccf372830aa9d27a5ff8feba8c8-central-1441-46"
2026-05-08 00:43:42.929 Df bluetoothd[376:11d9] [com.apple.bluetooth:Server.Core] Attached session for "blueutil-555549444638cccf372830aa9d27a5ff8feba8c8-central-1441-46" with session: 0x992176ee0, session handle: 0xa1110000
2026-05-08 00:43:42.929 Df bluetoothd[376:11d9] [com.apple.bluetooth:Server.App] Registering central session "blueutil-555549444638cccf372830aa9d27a5ff8feba8c8-central-1441-46" with backgrounding: off, persistence: off (CBSR) restoreID: (null) AppRegistrationFlags showPowerPrompt:0 backgroundingDisabled:0 programmaticPairing:0 needsRestrictedStateOperation:0 overrideRestrictedState:0 tccExemptAppBundle:0 receivesControllerBTClockEvents:0 receivesOfflineADVDataRequests:0 hasEntitlementBTCentralBackground:0 deviceAccessForMediaSession:0 deviceAccessForMediaExtensionSession:0 deviceAccessPerAccessorySession:0 deviceAccessPerAccessoryExtensionSession:0 worksWithFindMyDevices:0
2026-05-08 00:43:42.929 Db bluetoothd[376:11d9] [com.apple.defaults:User Defaults] found no value for key BTUCM in CFPrefsSearchListSource<0x105c17bf0> (Domain: com.apple.MobileBluetooth.debug, Container: (null))
2026-05-08 00:43:42.930 E  bluetoothd[376:11d9] [com.apple.bluetooth:Server.Core] Error getting Application State for blueutil-555549444638cccf372830aa9d27a5ff8feba8c8: Error Domain=RBSRequestErrorDomain Code=3 "Specified predicate did not match any processes" UserInfo={NSLocalizedFailureReason=Specified predicate did not match any processes}, 3
2026-05-08 00:43:42.930 E  bluetoothd[376:11d9] [com.apple.bluetooth:Server.Core] Error getting Application State for blueutil-555549444638cccf372830aa9d27a5ff8feba8c8: Error Domain=RBSRequestErrorDomain Code=3 "Specified predicate did not match any processes" UserInfo={NSLocalizedFailureReason=Specified predicate did not match any processes}, 3
2026-05-08 00:43:42.930 Df bluetoothd[376:11d9] [com.apple.bluetooth:Server.App] Session "blueutil-555549444638cccf372830aa9d27a5ff8feba8c8-central-1441-46" tccRequired : 1
2026-05-08 00:43:42.930 Df bluetoothd[376:11d9] [com.apple.bluetooth:Server.XPC] ReadyForTCC. TCC required:1 blueutil-555549444638cccf372830aa9d27a5ff8feba8c8
2026-05-08 00:43:42.930 Db bluetoothd[376:11d9] [com.apple.bluetooth:Server.XPC] Sending XPC message "CBMsgIdReadyForTCC" to session "blueutil-555549444638cccf372830aa9d27a5ff8feba8c8-central-1441-46"
2026-05-08 00:43:42.930 Df bluetoothd[376:11d9] [com.apple.bluetooth:Server.App] Session "blueutil-555549444638cccf372830aa9d27a5ff8feba8c8-central-1441-46" : needsRestrictedStateOperation = 0, overrideRestrictedState = 0 , denylistMode = 0, receivesControllerBTClockEvents=0
2026-05-08 00:43:42.930 Db bluetoothd[376:11d9] [com.apple.defaults:User Defaults] found no value for key Sentinel in CFPrefsSearchListSource<0x105c17bf0> (Domain: com.apple.MobileBluetooth.debug, Container: (null))
2026-05-08 00:43:42.930 Df bluetoothd[376:11d9] [com.apple.bluetooth:Server.XPC] Received XPC message "CBClassicMsgIdGetLocalDeviceStates" from session "blueutil-555549444638cccf372830aa9d27a5ff8feba8c8-classic-1441-47"
2026-05-08 00:43:42.930 Db blueutil[1441:4158] [com.apple.bluetooth:CoreBluetooth] Received synchronous XPC reply 7: {
    kCBMsgArgAddressString = "XX:XX:XX:XX:XX:XX";
    kCBMsgArgBTPowerState = 1;
    kCBMsgArgConnectableState = 1;
    kCBMsgArgDiscoverableState = 0;
    kCBMsgArgInquiryState = 0;
    kCBMsgArgName = "[REDACTED]\134U2019s MacBook Air";
}
2026-05-08 00:43:42.946 Db blueutil[1441:4159] [com.apple.bluetooth:CoreBluetooth] authStatus: CBManagerAuthorizationAllowedAlways
2026-05-08 00:43:42.946 Df blueutil[1441:4159] [com.apple.bluetooth:CoreBluetooth] TCC available 1, req 1 complete 0
2026-05-08 00:43:42.957 Db blueutil[1441:4158] [com.apple.bluetooth:CoreBluetooth] authStatus: CBManagerAuthorizationAllowedAlways
2026-05-08 00:43:42.957 Db blueutil[1441:4158] [com.apple.bluetooth:CoreBluetooth] Sending XPC message 10: {
}
2026-05-08 00:43:42.957 Db blueutil[1441:4158] [com.apple.bluetooth:CoreBluetooth] Sending synchronous XPC message 12: (null)
2026-05-08 00:43:42.957 Df bluetoothd[376:11d9] [com.apple.bluetooth:Server.XPC] Received XPC message "CBClassicMsgIdPairingAgentRegistered" from session "blueutil-555549444638cccf372830aa9d27a5ff8feba8c8-classic-1441-47"
2026-05-08 00:43:42.957 Df bluetoothd[376:11d9] [com.apple.bluetooth:Server.XPC] Session "blueutil-555549444638cccf372830aa9d27a5ff8feba8c8-classic-1441-47" is asking to register pairing agent
2026-05-08 00:43:42.957 Df bluetoothd[376:11d9] [com.apple.bluetooth:Server.App] Registering pairing agent for session "blueutil-555549444638cccf372830aa9d27a5ff8feba8c8-classic-1441-47" with programmatic pairing disabled
2026-05-08 00:43:42.957 Df bluetoothd[376:11d9] [com.apple.bluetooth:Server.Security] Creating pairing agent for session blueutil-555549444638cccf372830aa9d27a5ff8feba8c8-classic-1441-47
2026-05-08 00:43:42.957 Df bluetoothd[376:11d9] [com.apple.bluetooth:Server.App] Classic Pairing Agent successfully created. Now starting the pairing agent.
2026-05-08 00:43:42.957 I  bluetoothd[376:11d9] [com.apple.bluetooth:Server.Security] Sending 'pairing agent started' event with result 0
2026-05-08 00:43:42.957 Df bluetoothd[376:11d9] [com.apple.bluetooth:Server.XPC] Received XPC message "CBClassicMsgIdPairingAgentRetrievePairedDevices" from session "blueutil-555549444638cccf372830aa9d27a5ff8feba8c8-classic-1441-47"
2026-05-08 00:43:42.957 Db bluetoothd[376:11d9] [com.apple.defaults:User Defaults] looked up value <private> for key XX:XX:XX:XX:XX:XX in CFPrefsPlistSource<0x9920b6000> (Domain: com.apple.MobileBluetooth.devices, User: kCFPreferencesCurrentUser, ByHost: No, Container: /Library/Bluetooth, Contents Need Refresh: No) via CFPrefsSearchListSource<0x9920b6d80> (Domain: com.apple.MobileBluetooth.devices, Container: /Library/Bluetooth)
2026-05-08 00:43:42.957 Db bluetoothd[376:11d9] [com.apple.bluetooth:Server.Security] XX:XX:XX:XX:XX:XX "[REDACTED] Mouse" - "[REDACTED] Mouse" hasTS: 0, res: 1
2026-05-08 00:43:42.957 Db bluetoothd[376:11d9] [com.apple.defaults:User Defaults] looked up value <private> for key XX:XX:XX:XX:XX:XX in CFPrefsPlistSource<0x9920b6000> (Domain: com.apple.MobileBluetooth.devices, User: kCFPreferencesCurrentUser, ByHost: No, Container: /Library/Bluetooth, Contents Need Refresh: No) via CFPrefsSearchListSource<0x9920b6d80> (Domain: com.apple.MobileBluetooth.devices, Container: /Library/Bluetooth)
2026-05-08 00:43:42.957 Db bluetoothd[376:11d9] [com.apple.bluetooth:Server.Security] XX:XX:XX:XX:XX:XX "JBL Xtreme 3" - "JBL Xtreme 3" hasTS: 0, res: 1
2026-05-08 00:43:42.957 Db bluetoothd[376:11d9] [com.apple.defaults:User Defaults] looked up value <private> for key XX:XX:XX:XX:XX:XX in CFPrefsPlistSource<0x9920b6000> (Domain: com.apple.MobileBluetooth.devices, User: kCFPreferencesCurrentUser, ByHost: No, Container: /Library/Bluetooth, Contents Need Refresh: No) via CFPrefsSearchListSource<0x9920b6d80> (Domain: com.apple.MobileBluetooth.devices, Container: /Library/Bluetooth)
2026-05-08 00:43:42.957 Db bluetoothd[376:11d9] [com.apple.bluetooth:Server.Security] XX:XX:XX:XX:XX:XX "AirPods Pro" - "AirPods Pro" hasTS: 0, res: 1
2026-05-08 00:43:42.958 Db bluetoothd[376:11d9] [com.apple.defaults:User Defaults] looked up value <private> for key XX:XX:XX:XX:XX:XX in CFPrefsPlistSource<0x9920b6000> (Domain: com.apple.MobileBluetooth.devices, User: kCFPreferencesCurrentUser, ByHost: No, Container: /Library/Bluetooth, Contents Need Refresh: No) via CFPrefsSearchListSource<0x9920b6d80> (Domain: com.apple.MobileBluetooth.devices, Container: /Library/Bluetooth)
2026-05-08 00:43:42.958 Db bluetoothd[376:11d9] [com.apple.bluetooth:Server.Security] XX:XX:XX:XX:XX:XX "HD 450BT" - "HD 450BT" hasTS: 0, res: 1
2026-05-08 00:43:42.958 Db bluetoothd[376:11d9] [com.apple.defaults:User Defaults] looked up value <private> for key XX:XX:XX:XX:XX:XX in CFPrefsPlistSource<0x9920b6000> (Domain: com.apple.MobileBluetooth.devices, User: kCFPreferencesCurrentUser, ByHost: No, Container: /Library/Bluetooth, Contents Need Refresh: No) via CFPrefsSearchListSource<0x9920b6d80> (Domain: com.apple.MobileBluetooth.devices, Container: /Library/Bluetooth)
2026-05-08 00:43:42.958 Db bluetoothd[376:11d9] [com.apple.bluetooth:Server.Security] XX:XX:XX:XX:XX:XX "Magic Mouse" - "Magic Mouse" hasTS: 0, res: 1
2026-05-08 00:43:42.958 Db bluetoothd[376:11d9] [com.apple.defaults:User Defaults] looked up value <private> for key E8:06:88:4B:07:41 in CFPrefsPlistSource<0x9920b6000> (Domain: com.apple.MobileBluetooth.devices, User: kCFPreferencesCurrentUser, ByHost: No, Container: /Library/Bluetooth, Contents Need Refresh: No) via CFPrefsSearchListSource<0x9920b6d80> (Domain: com.apple.MobileBluetooth.devices, Container: /Library/Bluetooth)
2026-05-08 00:43:42.958 Db bluetoothd[376:11d9] [com.apple.bluetooth:Server.Security] E8:06:88:4B:07:41 "[REDACTED] Keyboard" - "[REDACTED] Keyboard" hasTS: 0, res: 1
2026-05-08 00:43:42.958 Db bluetoothd[376:11d9] [com.apple.defaults:User Defaults] looked up value <private> for key XX:XX:XX:XX:XX:XX in CFPrefsPlistSource<0x9920b6000> (Domain: com.apple.MobileBluetooth.devices, User: kCFPreferencesCurrentUser, ByHost: No, Container: /Library/Bluetooth, Contents Need Refresh: No) via CFPrefsSearchListSource<0x9920b6d80> (Domain: com.apple.MobileBluetooth.devices, Container: /Library/Bluetooth)
2026-05-08 00:43:42.958 Db bluetoothd[376:11d9] [com.apple.bluetooth:Server.Security] XX:XX:XX:XX:XX:XX "[REDACTED] speaker" - "[REDACTED] speaker" hasTS: 0, res: 1
2026-05-08 00:43:42.958 Db bluetoothd[376:11d9] [com.apple.bluetooth:Server.Core] Get SDP record data from SDP attributes for device XX:XX:XX:XX:XX:XX "[REDACTED] Mouse" - "[REDACTED] Mouse"
2026-05-08 00:43:42.958 Db bluetoothd[376:11d9] [com.apple.bluetooth:Server.Core] SDP record cache size 557 with 2 services
2026-05-08 00:43:42.958 Db bluetoothd[376:11d9] [com.apple.bluetooth:Server.Core] Returning sdp record NSData: {length = 557, bytes = 0x02000302 00241100 00170000 00010400 ... 02010200 02000000 }
2026-05-08 00:43:42.958 Df bluetoothd[376:11d9] [com.apple.bluetooth:Server.XPC] bluetoothd sending sdp data: {length = 557, bytes = 0x02000302 00241100 00170000 00010400 ... 02010200 02000000 }
2026-05-08 00:43:42.958 Db bluetoothd[376:11d9] [com.apple.bluetooth:Server.Core] Get SDP record data from SDP attributes for device XX:XX:XX:XX:XX:XX "JBL Xtreme 3" - "JBL Xtreme 3"
2026-05-08 00:43:42.958 Db bluetoothd[376:11d9] [com.apple.bluetooth:Server.Core] sdp attributes is empty
2026-05-08 00:43:42.958 Db bluetoothd[376:11d9] [com.apple.bluetooth:Server.Core] Get SDP record data from SDP attributes for device XX:XX:XX:XX:XX:XX "AirPods Pro" - "AirPods Pro"
2026-05-08 00:43:42.958 Db bluetoothd[376:11d9] [com.apple.bluetooth:Server.Core] SDP record cache size 2440 with 11 services
2026-05-08 00:43:42.958 Db bluetoothd[376:11d9] [com.apple.bluetooth:Server.Core] Returning sdp record NSData: {length = 2440, bytes = 0x0b000302 00001200 000f0000 00010400 ... 03010200 3b000000 }
2026-05-08 00:43:42.958 Df bluetoothd[376:11d9] [com.apple.bluetooth:Server.XPC] bluetoothd sending sdp data: {length = 2440, bytes = 0x0b000302 00001200 000f0000 00010400 ... 03010200 3b000000 }
2026-05-08 00:43:42.958 Db bluetoothd[376:11d9] [com.apple.bluetooth:Server.Core] Get SDP record data from SDP attributes for device XX:XX:XX:XX:XX:XX "HD 450BT" - "HD 450BT"
2026-05-08 00:43:42.958 Db bluetoothd[376:11d9] [com.apple.bluetooth:Server.Core] sdp attributes is empty
2026-05-08 00:43:42.958 Db bluetoothd[376:11d9] [com.apple.bluetooth:Server.Core] Get SDP record data from SDP attributes for device XX:XX:XX:XX:XX:XX "Magic Mouse" - "Magic Mouse"
2026-05-08 00:43:42.958 Db bluetoothd[376:11d9] [com.apple.bluetooth:Server.Core] SDP record cache size 608 with 2 services
2026-05-08 00:43:42.958 Db bluetoothd[376:11d9] [com.apple.bluetooth:Server.Core] Returning sdp record NSData: {length = 608, bytes = 0x02000302 00001200 000b0000 00010400 ... 00010e02 05010001 }
2026-05-08 00:43:42.958 Df bluetoothd[376:11d9] [com.apple.bluetooth:Server.XPC] bluetoothd sending sdp data: {length = 608, bytes = 0x02000302 00001200 000b0000 00010400 ... 00010e02 05010001 }
2026-05-08 00:43:42.958 Db bluetoothd[376:11d9] [com.apple.bluetooth:Server.Core] Get SDP record data from SDP attributes for device E8:06:88:4B:07:41 "[REDACTED] Keyboard" - "[REDACTED] Keyboard"
2026-05-08 00:43:42.958 Db bluetoothd[376:11d9] [com.apple.bluetooth:Server.Core] SDP record cache size 671 with 2 services
2026-05-08 00:43:42.958 Db bluetoothd[376:11d9] [com.apple.bluetooth:Server.Core] Returning sdp record NSData: {length = 671, bytes = 0x02000302 00241100 00160000 00010400 ... 02010200 02000000 }
2026-05-08 00:43:42.958 Df bluetoothd[376:11d9] [com.apple.bluetooth:Server.XPC] bluetoothd sending sdp data: {length = 671, bytes = 0x02000302 00241100 00160000 00010400 ... 02010200 02000000 }
2026-05-08 00:43:42.958 Db bluetoothd[376:11d9] [com.apple.bluetooth:Server.Core] Get SDP record data from SDP attributes for device XX:XX:XX:XX:XX:XX "[REDACTED] speaker" - "[REDACTED] speaker"
2026-05-08 00:43:42.958 Db bluetoothd[376:11d9] [com.apple.bluetooth:Server.Core] sdp attributes is empty
2026-05-08 00:43:42.959 Db blueutil[1441:4158] [com.apple.bluetooth:CoreBluetooth] Received synchronous XPC reply 12: {
    kCBMsgArgDevices =     (
                {
            kCBAdvDataDeviceAddress = {length = 6, bytes = 0x04f13eeede10};
            kCBMsgArgAddressString = "XX:XX:XX:XX:XX:XX";
            kCBMsgArgClassOfDevice = 9600;
            kCBMsgArgDeviceType = 25;
            kCBMsgArgDeviceUUID = "496EC28A-1179-51F7-64B7-7C454989E3B4";
            kCBMsgArgInternalState = 2;
            kCBMsgArgIsConnectedOverUSB = 0;
            kCBMsgArgName = "[REDACTED] Mouse";
            kCBMsgArgPID = 781;
            kCBMsgArgPairingState = 1;
            kCBMsgArgRssi = 0;
            kCBMsgArgSDPRecordData = {length = 557, bytes = 0x02000302 00241100 00170000 00010400 ... 02010200 02000000 };
            kCBMsgArgServices =             (
                                {
                    kCBMsgArgPSM = 17;
                    kCBMsgArgServiceUUID = {length = 2, bytes = 0x0011};
                },
                                {
                    kCBMsgArgPSM = 19;
                    kCBMsgAr
2026-05-08 00:43:42.959 Db blueutil[1441:4158] [com.apple.bluetooth:CoreBluetooth] Sending XPC message 10: {
    kCBMsgArgProgrammaticPairing = 1;
}
2026-05-08 00:43:42.959 Df blueutil[1441:4158] [com.apple.bluetooth:IOBluetooth] -[IOBluetoothCoreBluetoothCoordinator _updatePowerState] ON
2026-05-08 00:43:42.959 Df bluetoothd[376:11d9] [com.apple.bluetooth:Server.XPC] Received XPC message "CBClassicMsgIdPairingAgentRegistered" from session "blueutil-555549444638cccf372830aa9d27a5ff8feba8c8-classic-1441-47"
2026-05-08 00:43:42.959 Df bluetoothd[376:11d9] [com.apple.bluetooth:Server.XPC] Session "blueutil-555549444638cccf372830aa9d27a5ff8feba8c8-classic-1441-47" is asking to register pairing agent
2026-05-08 00:43:42.959 Df bluetoothd[376:11d9] [com.apple.bluetooth:Server.App] Registering pairing agent for session "blueutil-555549444638cccf372830aa9d27a5ff8feba8c8-classic-1441-47" with programmatic pairing enabled
2026-05-08 00:43:42.959 E  bluetoothd[376:11d9] [com.apple.bluetooth:Server.App] Classic pairing agent already exist
2026-05-08 00:43:42.959 Db blueutil[1441:415a] [com.apple.bluetooth:CoreBluetooth] Sending XPC message 4: {
}
2026-05-08 00:43:42.959 Df bluetoothd[376:11d9] [com.apple.bluetooth:Server.XPC] Received XPC message "CBMsgIdTCCDone" from session "blueutil-555549444638cccf372830aa9d27a5ff8feba8c8-central-1441-46"
2026-05-08 00:43:42.959 Df bluetoothd[376:11d9] [com.apple.bluetooth:Server.XPC] TCC Done session:blueutil-555549444638cccf372830aa9d27a5ff8feba8c8-central-1441-46 fDeviceAccessForMediaSession:0 fDeviceAccessForMediaExtension:0 fDeviceAccessPerAccessorySession:0 fDeviceAccessPerAccessoryExtension:0 sessionType:0
2026-05-08 00:43:42.959 A  bluetoothd[376:11d9] (TCC) TCCAccessRequest() IPC
2026-05-08 00:43:42.959 Df bluetoothd[376:11d9] [com.apple.xpc:connection] [0x9920c3200] activating connection: mach=true listener=false peer=false name=com.apple.tccd
2026-05-08 00:43:42.959 I  bluetoothd[376:11d9] [com.apple.TCC:access] SEND: 0/7 synchronous to com.apple.tccd: request: msgID=376.5, function=TCCAccessRequest, service=kTCCServiceBluetoothAlways, target_token={pid:1441, auid:502, euid:502},
2026-05-08 00:43:42.968 I  bluetoothd[376:11d9] [com.apple.TCC:access] RECV: synchronous reply <dictionary: 0x9920c0400> { count = 5, transaction: 0, voucher = 0x0, contents =
	"prompt_type" => <uint64: 0xa86ca4aa0c2462a7>: 1
	"auth_value" => <uint64: 0xa86ca4aa0c2462bf>: 2
	"result" => <bool: 0x1f845e830>: true
	"auth_version" => <uint64: 0xa86ca4aa0c2462a7>: 1
	"auth_reason" => <uint64: 0xa86ca4aa0c2462bf>: 2
}
2026-05-08 00:43:42.968 Df bluetoothd[376:11d9] [com.apple.xpc:connection] [0x9920c3200] invalidated after the last release of the connection object
2026-05-08 00:43:42.968 Df bluetoothd[376:11d9] [com.apple.bluetooth:Server.XPC] Bluetooth user permission alwaysAuth: granted
2026-05-08 00:43:42.968 A  bluetoothd[376:11d9] (TCC) TCCAccessRequest() IPC
2026-05-08 00:43:42.968 Df bluetoothd[376:11d9] [com.apple.xpc:connection] [0x9920c3200] activating connection: mach=true listener=false peer=false name=com.apple.tccd
2026-05-08 00:43:42.968 I  bluetoothd[376:11d9] [com.apple.TCC:access] SEND: 0/7 synchronous to com.apple.tccd: request: msgID=376.6, function=TCCAccessRequest, service=kTCCServiceBluetoothAlways, target_token={pid:1441, auid:502, euid:502},
2026-05-08 00:43:42.977 I  bluetoothd[376:11d9] [com.apple.TCC:access] RECV: synchronous reply <dictionary: 0x9920c0400> { count = 5, transaction: 0, voucher = 0x0, contents =
	"prompt_type" => <uint64: 0xa86ca4aa0c2462a7>: 1
	"auth_value" => <uint64: 0xa86ca4aa0c2462bf>: 2
	"result" => <bool: 0x1f845e830>: true
	"auth_version" => <uint64: 0xa86ca4aa0c2462a7>: 1
	"auth_reason" => <uint64: 0xa86ca4aa0c2462bf>: 2
}
2026-05-08 00:43:42.977 Df bluetoothd[376:11d9] [com.apple.xpc:connection] [0x9920c3200] invalidated after the last release of the connection object
2026-05-08 00:43:42.977 Df bluetoothd[376:11d9] [com.apple.bluetooth:Server.XPC] BluetoothUserPrivacy: alwaysAccess: 1, isCBPrivacySupported: 1, medicalDeviceOrStateRestorationAppPendingTCC:0 deviceAccessExempt:0 fDeviceAccessForMediaSession:0 fDeviceAccessForMediaExtension:0 fDeviceAccessPerAccessorySession:0 fDeviceAccessPerAccessoryExtension:0 sessionType:0
2026-05-08 00:43:42.977 Df bluetoothd[376:11d9] [com.apple.bluetooth:Server.XPC] Power state changed. PowerState:1 managerState:5 fUserAuthorization: 1	 medicalDeviceorStateRestorationAppPendingTCC:0 fDeviceAccessForMediaSession:0 fDeviceAccessForMediaExtension:0 fDeviceAccessPerAccessorySession:0 fDeviceAccessPerAccessoryExtension:0 appState:20 deviceAccessExempt:0
2026-05-08 00:43:42.977 Df bluetoothd[376:11d9] [com.apple.bluetooth:Server.XPC] Sending 'state updated' event with state "On" to session "blueutil-555549444638cccf372830aa9d27a5ff8feba8c8-central-1441-46"
2026-05-08 00:43:42.977 Db bluetoothd[376:11d9] [com.apple.bluetooth:Server.XPC] Sending XPC message "CBMsgIdSupportedFeatures" to session "blueutil-555549444638cccf372830aa9d27a5ff8feba8c8-central-1441-46"
2026-05-08 00:43:42.977 Db bluetoothd[376:11d9] [com.apple.bluetooth:Server.XPC] Sending XPC message "CBMsgIdStateUpdated" to session "blueutil-555549444638cccf372830aa9d27a5ff8feba8c8-central-1441-46"
2026-05-08 00:43:42.977 Df bluetoothd[376:11d9] [com.apple.bluetooth:Server.XPC] advertisingAddressDidChange connectable:Random XX:XX:XX:XX:XX:XX non-connectable:Random XX:XX:XX:XX:XX:XX
2026-05-08 00:43:42.977 Df bluetoothd[376:11d9] [com.apple.bluetooth:Server.XPC] Ignore advertisingAddressDidChange for session blueutil-555549444638cccf372830aa9d27a5ff8feba8c8-central-1441-46 with access level : 0 and manager state powered on
2026-05-08 00:43:42.977 Df bluetoothd[376:11d9] [com.apple.bluetooth:Server.XPC] advertisingAddressDidChange connectable:Random XX:XX:XX:XX:XX:XX non-connectable:Random XX:XX:XX:XX:XX:XX
2026-05-08 00:43:42.977 Df bluetoothd[376:11d9] [com.apple.bluetooth:Server.XPC] Ignore advertisingAddressDidChange for session blueutil-555549444638cccf372830aa9d27a5ff8feba8c8-central-1441-46 with access level : 0 and manager state powered on
2026-05-08 00:43:42.985 Db blueutil[1441:4159] [com.apple.bluetooth:CoreBluetooth] authStatus: CBManagerAuthorizationAllowedAlways
2026-05-08 00:43:42.985 Df blueutil[1441:4159] [com.apple.bluetooth:IOBluetooth] TCC is approved
2026-05-08 00:43:42.985 Db blueutil[1441:4158] [com.apple.bluetooth:IOBluetooth] IOBT get current power state: 1
2026-05-08 00:43:42.985 Df bluetoothd[376:11d9] [com.apple.bluetooth:Server.XPC] Received XPC message "CBMsgIdRegisterForConnectionEventsWithOptions" from session "blueutil-555549444638cccf372830aa9d27a5ff8feba8c8-central-1441-46"
2026-05-08 00:43:42.985 Db blueutil[1441:4159] [com.apple.bluetooth:CoreBluetooth] Sending XPC message 100: {
    kCBMsgArgOptions =     {
        kCBConnectionEventMatchingOptionAllPeripherals = 1;
    };
}
2026-05-08 00:43:42.985 Df bluetoothd[376:11d9] [com.apple.bluetooth:Server.XPC] handleRegisterForConnectionEventsWithOptionsMsg peripherals:(null)
2026-05-08 00:43:42.985 Db blueutil[1441:4158] [com.apple.bluetooth:CoreBluetooth] Sending synchronous XPC message 44: {
    kCBMsgArgAddressString = "e8:06:88:4b:07:41";
}
2026-05-08 00:43:42.985 Df bluetoothd[376:11d9] [com.apple.bluetooth:Server.XPC] handleRegisterForConnectionEventsWithOptionsMsg allPeripherals:1
2026-05-08 00:43:42.985 I  bluetoothd[376:11d9] [com.apple.CoreAnalytics:client] Dropping "<private>" as it isn't used in any transform (not in the config or budgeted?)
2026-05-08 00:43:42.985 Df bluetoothd[376:3e8d] [com.apple.bluetooth:Server.XPC] Received XPC message "CBMsgIdRetrievePeerWithAddress" from session "blueutil-555549444638cccf372830aa9d27a5ff8feba8c8-classic-1441-47"
2026-05-08 00:43:42.985 Df bluetoothd[376:11d9] [com.apple.bluetooth:Server.Core] BT Stats for metric 'com.apple.Bluetooth.ConnectEventAPI' sent to CoreAnalytics with result 0
2026-05-08 00:43:42.985 Db bluetoothd[376:3e8d] [com.apple.bluetooth:Server.Core] Get SDP record data from SDP attributes for device E8:06:88:4B:07:41 "[REDACTED] Keyboard" - "[REDACTED] Keyboard"
2026-05-08 00:43:42.985 Db blueutil[1441:4158] [com.apple.bluetooth:CoreBluetooth] Received synchronous XPC reply 44: {
    kCBMsgArgDevices =     {
        kCBAdvDataDeviceAddress = {length = 6, bytes = 0xe806884b0741};
        kCBMsgArgAddressString = "E8:06:88:4B:07:41";
        kCBMsgArgClassOfDevice = 9536;
        kCBMsgArgDeviceType = 24;
        kCBMsgArgDeviceUUID = "3A98916D-37D0-765D-AD8B-4E2E2591EE5E";
        kCBMsgArgInternalState = 0;
        kCBMsgArgIsConnectedOverUSB = 0;
        kCBMsgArgName = "[REDACTED]\134U2019s Keyboard";
        kCBMsgArgPID = 569;
        kCBMsgArgPairingState = 1;
        kCBMsgArgRssi = 0;
        kCBMsgArgSDPRecordData = {length = 671, bytes = 0x02000302 00241100 00160000 00010400 ... 02010200 02000000 };
        kCBMsgArgServices =         (
                        {
                kCBMsgArgPSM = 17;
                kCBMsgArgServiceUUID = {length = 2, bytes = 0x0011};
            },
                        {
                kCBMsgArgPSM = 19;
                kCBMsgArgServiceUUID = {length = 2, bytes = 0x0011};
            },
                        {
2026-05-08 00:43:42.985 Db bluetoothd[376:3e8d] [com.apple.bluetooth:Server.Core] SDP record cache size 671 with 2 services
2026-05-08 00:43:42.985 Db blueutil[1441:4158] [com.apple.bluetooth:CoreBluetooth] -[CBClassicPeer handlePeerUpdated:] Updating name in response to a peerUpdate XPC message.
2026-05-08 00:43:42.985 Db bluetoothd[376:3e8d] [com.apple.bluetooth:Server.Core] Returning sdp record NSData: {length = 671, bytes = 0x02000302 00241100 00160000 00010400 ... 02010200 02000000 }
2026-05-08 00:43:42.985 Df bluetoothd[376:3e8d] [com.apple.bluetooth:Server.XPC] bluetoothd sending sdp data: {length = 671, bytes = 0x02000302 00241100 00160000 00010400 ... 02010200 02000000 }
2026-05-08 00:43:42.985 Db blueutil[1441:4158] [com.apple.bluetooth:CoreBluetooth] Sending synchronous XPC message 47: {
    kCBAdvDataDeviceAddress = {length = 6, bytes = 0xe806884b0741};
    kCBMsgArgAddressString = "E8:06:88:4B:07:41";
    kCBMsgArgClassOfDevice = 9536;
    kCBMsgArgDeviceType = 24;
    kCBMsgArgDeviceUUID = "3A98916D-37D0-765D-AD8B-4E2E2591EE5E";
    kCBMsgArgInternalState = 0;
    kCBMsgArgIsConnectedOverUSB = 0;
    kCBMsgArgName = "[REDACTED]\134U2019s Keyboard";
    kCBMsgArgPID = 569;
    kCBMsgArgPairingState = 1;
    kCBMsgArgRssi = 0;
    kCBMsgArgSDPRecordData = {length = 671, bytes = 0x02000302 00241100 00160000 00010400 ... 02010200 02000000 };
    kCBMsgArgServices =     (
                {
            kCBMsgArgPSM = 17;
            kCBMsgArgServiceUUID = {length = 2, bytes = 0x0011};
        },
                {
            kCBMsgArgPSM = 19;
            kCBMsgArgServiceUUID = {length = 2, bytes = 0x0011};
        },
                {
            kCBMsgArgPSM = 1;
            kCBMsgArgServiceUUID = {length = 2, bytes = 0x0001};
        }
    );
    kCBMsgArgVID = 1452;
    kCBMsgAr
2026-05-08 00:43:42.985 Df bluetoothd[376:3e8d] [com.apple.bluetooth:Server.XPC] Received XPC message "CBMsgIdGetPeerState" from session "blueutil-555549444638cccf372830aa9d27a5ff8feba8c8-classic-1441-47"
2026-05-08 00:43:42.985 Db bluetoothd[376:3e8d] [com.apple.bluetooth:Server.Core] Get SDP record data from SDP attributes for device E8:06:88:4B:07:41 "[REDACTED] Keyboard" - "[REDACTED] Keyboard"
2026-05-08 00:43:42.985 Db bluetoothd[376:3e8d] [com.apple.bluetooth:Server.Core] SDP record cache size 671 with 2 services
2026-05-08 00:43:42.985 Db bluetoothd[376:3e8d] [com.apple.bluetooth:Server.Core] Returning sdp record NSData: {length = 671, bytes = 0x02000302 00241100 00160000 00010400 ... 02010200 02000000 }
2026-05-08 00:43:42.985 Df bluetoothd[376:3e8d] [com.apple.bluetooth:Server.XPC] bluetoothd sending sdp data: {length = 671, bytes = 0x02000302 00241100 00160000 00010400 ... 02010200 02000000 }
2026-05-08 00:43:42.985 I  bluetoothd[376:3e8d] [com.apple.bluetooth:Server.Core] Smart Route Support: Device: E8:06:88:4B:07:41 "[REDACTED] Keyboard" - "[REDACTED] Keyboard", SRDaemon Support: Yes, Device Support: No
2026-05-08 00:43:42.985 I  bluetoothd[376:3e8d] [com.apple.bluetooth:Server.Core] Smart Route Support: Device: E8:06:88:4B:07:41 "[REDACTED] Keyboard" - "[REDACTED] Keyboard", SRDaemon Support: Yes, Device Support: No
2026-05-08 00:43:42.985 Db bluetoothd[376:3e8d] [com.apple.bluetooth:Server.Core] getBatteryLevel - battery fetch beginning
2026-05-08 00:43:42.985 Db bluetoothd[376:3e8d] [com.apple.bluetooth:Server.Core] HID Battery fetch battery level for hid E8:06:88:4B:07:41 "[REDACTED] Keyboard" - "[REDACTED] Keyboard" with status 0x1, level: 0
2026-05-08 00:43:42.985 Db bluetoothd[376:3e8d] [com.apple.bluetooth:Server.Core] HID Battery Failed to fetch battery level for hid E8:06:88:4B:07:41 "[REDACTED] Keyboard" - "[REDACTED] Keyboard"
2026-05-08 00:43:42.985 Db bluetoothd[376:3e8d] [com.apple.bluetooth:Server.Core] HID Battery fetch battery level for hid E8:06:88:4B:07:41 "[REDACTED] Keyboard" - "[REDACTED] Keyboard" with status 0x1, level: 0
2026-05-08 00:43:42.985 Db bluetoothd[376:3e8d] [com.apple.bluetooth:Server.Core] HID Battery Failed to fetch battery level for hid E8:06:88:4B:07:41 "[REDACTED] Keyboard" - "[REDACTED] Keyboard"
2026-05-08 00:43:42.985 Db bluetoothd[376:3e8d] [com.apple.bluetooth:Server.Core] HID Battery fetch battery level for hid E8:06:88:4B:07:41 "[REDACTED] Keyboard" - "[REDACTED] Keyboard" with status 0x1, level: 0
2026-05-08 00:43:42.985 Db bluetoothd[376:3e8d] [com.apple.bluetooth:Server.Core] HID Battery Failed to fetch battery level for hid E8:06:88:4B:07:41 "[REDACTED] Keyboard" - "[REDACTED] Keyboard"
2026-05-08 00:43:42.985 Db bluetoothd[376:3e8d] [com.apple.defaults:User Defaults] found no value for key HID in CFPrefsSearchListSource<0x105c17bf0> (Domain: com.apple.MobileBluetooth.debug, Container: (null))
2026-05-08 00:43:42.985 E  bluetoothd[376:3e8d] [com.apple.bluetooth:Server.AACP] getInEarStatus: No AACP connection for E8:06:88:4B:07:41 "[REDACTED] Keyboard" - "[REDACTED] Keyboard"
2026-05-08 00:43:42.985 Db blueutil[1441:4158] [com.apple.bluetooth:CoreBluetooth] Received synchronous XPC reply 47: {
    kCBMsgArgState =     {
        kCBAdvDataDeviceAddress = {length = 6, bytes = 0xe806884b0741};
        kCBMsgArgAddressString = "E8:06:88:4B:07:41";
        kCBMsgArgAutoAnswerCalls = 0;
        kCBMsgArgBatteryPercent = 0;
        kCBMsgArgBatteryPercentCase = 0;
        kCBMsgArgBatteryPercentCombined = 0;
        kCBMsgArgBatteryPercentLeft = 0;
        kCBMsgArgBatteryPercentRight = 0;
        kCBMsgArgBatteryPercentSingle = 0;
        kCBMsgArgClassOfDevice = 9536;
        kCBMsgArgClickHoldInterval = 0;
        kCBMsgArgClickHoldMode = 1285;
        kCBMsgArgColorID = 0;
        kCBMsgArgCrownRotationDirection = 0;
        kCBMsgArgDeviceType = 24;
        kCBMsgArgDeviceUUID = "3A98916D-37D0-765D-AD8B-4E2E2591EE5E";
        kCBMsgArgDoubleClickInterval = 0;
        kCBMsgArgDoubleClickMode = 3;
        kCBMsgArgDoubleTapAction = 65535;
        kCBMsgArgDoubleTapCapability = 0;
        kCBMsgArgInEarDetectionEnabled = 1;
        kCBMsgArgInternalState = 0;
        kCBMsgArgIsConn
2026-05-08 00:43:42.985 Db blueutil[1441:4158] [com.apple.bluetooth:CoreBluetooth] -[CBClassicPeer handlePeerUpdated:] No updates to name in response to a peerUpdate XPC message.
2026-05-08 00:43:42.985 Df blueutil[1441:4158] [com.apple.bluetooth:IOBluetooth] -[IOBluetoothCoreBluetoothCoordinator peerForAddressString:] <CBClassicPeer: 0x135f04450 3A98916D-37D0-765D-AD8B-4E2E2591EE5E, [REDACTED] Keyboard, disconnected, Paired, e8:06:88:4b:07:41, devType: 24, PID: 0x0239, VID: 0x05AC, Apple>
2026-05-08 00:43:42.985 Db blueutil[1441:4158] [com.apple.bluetooth:IOBluetooth] -[IOBluetoothCoreBluetoothCoordinator addDelegate:] <IOBluetoothDevice: 0x135f04340 [REDACTED] Keyboard, e8-06-88-4b-07-41>
2026-05-08 00:43:42.986 Df blueutil[1441:4158] [com.apple.bluetooth:IOBluetooth] initWithObserver <DeviceNotificationRunLoopStopper: 0x600003a6c180> note:IOBluetoothDeviceDisconnected obj:<IOBluetoothDevice: 0x135f04340 [REDACTED] Keyboard, e8-06-88-4b-07-41>
2026-05-08 00:43:42.986 Db blueutil[1441:4158] [com.apple.bluetooth:IOBluetooth] -[IOBluetoothCoreBluetoothCoordinator addDelegate:] <IOBluetoothNSObjCUserNotification: 0x600003874ce0>
2026-05-08 00:43:42.986 Df blueutil[1441:4158] [com.apple.bluetooth:IOBluetooth] -[IOBluetoothDevice registerForDisconnectNotification:selector:] <IOBluetoothNSObjCUserNotification: 0x600003874ce0>
2026-05-08 00:43:42.986 Df blueutil[1441:4158] [com.apple.bluetooth:IOBluetooth] -[IOBluetoothDevice closeConnection] <IOBluetoothDevice: 0x135f04340 [REDACTED] Keyboard, e8-06-88-4b-07-41>
2026-05-08 00:43:42.986 Df blueutil[1441:4158] [com.apple.bluetooth:IOBluetooth] -[IOBluetoothCoreBluetoothCoordinator cancelPeerConnection:] <CBClassicPeer: 0x135f04450 3A98916D-37D0-765D-AD8B-4E2E2591EE5E, [REDACTED] Keyboard, disconnected, Paired, e8:06:88:4b:07:41, devType: 24, PID: 0x0239, VID: 0x05AC, Apple>
2026-05-08 00:43:42.986 Db blueutil[1441:4159] [com.apple.bluetooth:CoreBluetooth] Sending XPC message 46: {
    kCBMsgArgDeviceUUID = "3A98916D-37D0-765D-AD8B-4E2E2591EE5E";
    kCBMsgArgOptions =     {
        kCBCancelConnectOptionForce = 1;
    };
}
2026-05-08 00:43:42.986 Df bluetoothd[376:3e8d] [com.apple.bluetooth:Server.XPC] Received XPC message "CBMsgIdCancelPeerConnection" from session "blueutil-555549444638cccf372830aa9d27a5ff8feba8c8-classic-1441-47"
2026-05-08 00:43:42.986 Df bluetoothd[376:3e8d] [com.apple.bluetooth:Server.App] UN: disconnectDeviceForApp for classic  3A98916D-37D0-765D-AD8B-4E2E2591EE5E for blueutil-555549444638cccf372830aa9d27a5ff8feba8c8
2026-05-08 00:43:42.986 Db blueutil[1441:415a] [com.apple.bluetooth:CoreBluetooth] -[CBClassicManager handlePeerConnectionStateUpdated:] {
    kCBMsgArgDeviceUUID = "3A98916D-37D0-765D-AD8B-4E2E2591EE5E";
    kCBMsgArgInternalState = 0;
    kCBMsgArgResult = 0;
}
2026-05-08 00:43:42.986 E  bluetoothd[376:3e8d] [com.apple.bluetooth:Server.App] Forcing disconnection of device "3A98916D-37D0-765D-AD8B-4E2E2591EE5E"
2026-05-08 00:43:42.986 Db blueutil[1441:415a] [com.apple.bluetooth:CoreBluetooth] -[CBClassicPeer handlePeerUpdated:] No updates to name in response to a peerUpdate XPC message.
2026-05-08 00:43:42.986 Df bluetoothd[376:3e8d] [com.apple.bluetooth:Server.App] CBClassicSession::deviceDisconnected with result: 0 and internalState 0
2026-05-08 00:43:42.987 Df blueutil[1441:415a] [com.apple.bluetooth:IOBluetooth] -[IOBluetoothCoreBluetoothCoordinator init]_block_invoke connectionStatusHandler callback for peer: <CBClassicPeer: 0x135f04450 3A98916D-37D0-765D-AD8B-4E2E2591EE5E, [REDACTED] Keyboard, disconnected, Paired, e8:06:88:4b:07:41, devType: 24, PID: 0x0239, VID: 0x05AC, Apple> with error: 0
2026-05-08 00:43:42.986 Db bluetoothd[376:3e8d] [com.apple.bluetooth:Server.XPC] Sending XPC message "CBMsgIdPeerConnectionStateUpdated" to session "blueutil-555549444638cccf372830aa9d27a5ff8feba8c8-classic-1441-47"
2026-05-08 00:43:42.987 Df blueutil[1441:415a] [com.apple.bluetooth:IOBluetooth] -[IOBluetoothCoreBluetoothCoordinator init]_block_invoke connectionStatusHandler disconnect callback for peer: <CBClassicPeer: 0x135f04450 3A98916D-37D0-765D-AD8B-4E2E2591EE5E, [REDACTED] Keyboard, disconnected, Paired, e8:06:88:4b:07:41, devType: 24, PID: 0x0239, VID: 0x05AC, Apple> with error: 0
2026-05-08 00:43:42.986 Db bluetoothd[376:3e8d] [com.apple.bluetooth:Server.XPC] Sending XPC message "CBMsgIdPeerDisconnectionCompleted" to session "blueutil-555549444638cccf372830aa9d27a5ff8feba8c8-classic-1441-47"
2026-05-08 00:43:42.987 Df blueutil[1441:415a] [com.apple.bluetooth:IOBluetooth] -[IOBluetoothDevice peerDisconnected:withError:] <CBClassicPeer: 0x135f04450 3A98916D-37D0-765D-AD8B-4E2E2591EE5E, [REDACTED] Keyboard, disconnected, Paired, e8:06:88:4b:07:41, devType: 24, PID: 0x0239, VID: 0x05AC, Apple> with error: 0
2026-05-08 00:43:42.987 Df bluetoothd[376:3e8d] [com.apple.xpc:connection] [0x992b46440] invalidated because the client process (pid 1441) either cancelled the connection or exited
2026-05-08 00:43:42.987 Df blueutil[1441:415a] [com.apple.bluetooth:CoreBluetooth] -[CBClassicManager handlePeerDisconnectionCompleted:] <CBClassicPeer: 0x135f04450 3A98916D-37D0-765D-AD8B-4E2E2591EE5E, [REDACTED] Keyboard, disconnected, Paired, e8:06:88:4b:07:41, devType: 24, PID: 0x0239, VID: 0x05AC, Apple> {
    kCBMsgArgDeviceUUID = "3A98916D-37D0-765D-AD8B-4E2E2591EE5E";
    kCBMsgArgInternalState = 0;
    kCBMsgArgResult = 0;
}
2026-05-08 00:43:42.987 Df bluetoothd[376:3e8d] [com.apple.bluetooth:Server.XPC] Closed XPC connection to session "blueutil-555549444638cccf372830aa9d27a5ff8feba8c8-central-1441-46"
2026-05-08 00:43:42.987 Db blueutil[1441:4158] [com.apple.bluetooth:IOBluetooth] -[IOBluetoothCoreBluetoothCoordinator removeDelegate:] <IOBluetoothNSObjCUserNotification: 0x600003874ce0>
2026-05-08 00:43:42.987 Df bluetoothd[376:3e8d] [com.apple.bluetooth:Server.App] Unregistering session "blueutil-555549444638cccf372830aa9d27a5ff8feba8c8-central-1441-46"
2026-05-08 00:43:42.987 E  bluetoothd[376:3e8d] [com.apple.bluetooth:Server.LE.Connection] Device we will overwrite this new session blueutil-555549444638cccf372830aa9d27a5ff8feba8c8 with device : "01E877BA-9B1C-41E2-8F35-827DC04D8248"
2026-05-08 00:43:42.987 Df bluetoothd[376:3e8d] [com.apple.bluetooth:SensorTracking] stopTrackingForSession: blueutil-555549444638cccf372830aa9d27a5ff8feba8c8-central-1441-46 for tracking devices (null) from requests {
}
2026-05-08 00:43:42.987 Df bluetoothd[376:3e8d] [com.apple.bluetooth:SensorTracking] Now tracking {
} with devices {(
)}
2026-05-08 00:43:42.987 Df bluetoothd[376:3e8d] [com.apple.bluetooth:Server.Core] Detach session: 0x992176ee0, session handle: 0xa1110000
2026-05-08 00:43:42.987 Df bluetoothd[376:3e8d] [com.apple.bluetooth:Server.Core] Sending 'session detached' event for session "blueutil-555549444638cccf372830aa9d27a5ff8feba8c8-central-1441-46"
2026-05-08 00:43:42.987 Df bluetoothd[376:3e8d] [com.apple.bluetooth:Server.Core] Erasing session 0x992176ee0 from SessionMap for "blueutil-555549444638cccf372830aa9d27a5ff8feba8c8-central-1441-46"
2026-05-08 00:43:42.987 Df bluetoothd[376:3e8d] [com.apple.xpc:connection] [0x992b470c0] invalidated because the client process (pid 1441) either cancelled the connection or exited
2026-05-08 00:43:42.987 Df bluetoothd[376:3e8d] [com.apple.bluetooth:Server.XPC] Closed XPC connection to session "blueutil-555549444638cccf372830aa9d27a5ff8feba8c8-classic-1441-47"
2026-05-08 00:43:42.987 Df bluetoothd[376:3e8d] [com.apple.bluetooth:Server.App] Unregistering session "blueutil-555549444638cccf372830aa9d27a5ff8feba8c8-classic-1441-47"
2026-05-08 00:43:42.987 Df bluetoothd[376:3e8d] [com.apple.bluetooth:Server.Security] Destroying pairing agent for session blueutil-555549444638cccf372830aa9d27a5ff8feba8c8-classic-1441-47
2026-05-08 00:43:42.987 I  bluetoothd[376:3e8d] [com.apple.bluetooth:Server.Security] Sending 'pairing agent stopped' event with result 0
2026-05-08 00:43:42.987 Df bluetoothd[376:3e8d] [com.apple.bluetooth:Server.Core] Detach session: 0x992176f80, session handle: 0xedca0000
2026-05-08 00:43:42.987 Df bluetoothd[376:3e8d] [com.apple.bluetooth:Server.Core] Sending 'session detached' event for session "blueutil-555549444638cccf372830aa9d27a5ff8feba8c8-classic-1441-47"
2026-05-08 00:43:42.987 Df bluetoothd[376:3e8d] [com.apple.bluetooth:Server.Core] Erasing session 0x992176f80 from SessionMap for "blueutil-555549444638cccf372830aa9d27a5ff8feba8c8-classic-1441-47"
2026-05-08 00:43:42.997 I  bluetoothd[376:134b] [com.apple.bluetooth:Stack.LE]  Invalid Dual mode support indication in AD flags 0x00000000.
2026-05-08 00:43:42.997 I  bluetoothd[376:134b] [com.apple.bluetooth:Server.LE.Scan] Setting mfgr data:4C 00 12 19 00 CA BF 19 67 A6 1D C7 D2 28 21 BD 94 5F F6 F6 E7 C6 D8 CC 4D 65 40 01 00 len:29 id:4C
2026-05-08 00:43:42.998 Df bluetoothd[376:3e8d] [com.apple.bluetooth:Server.LE.Scan] decryptProximityPairingPayload device:8815BD36-2701-E1D9-0BE2-F44F88B30988 address:Random XX:XX:XX:XX:XX:XX
2026-05-08 00:43:42.998 Db bluetoothd[376:3e8d] [com.apple.bluetooth:Server.LE.Scan] Found device "8815BD36-2701-E1D9-0BE2-F44F88B30988 Random XX:XX:XX:XX:XX:XX RSSI:-88 with data:RSSI: 0 dB (non-saturated), MFR Data: 4C 00 12 19 00 CA BF 19 67 A6 1D C7 D2 28 21 BD 94 5F F6 F6 E7 C6 D8 CC 4D 65 40 01 00[AppleTypesBitmap:0000000000000000000000000000000000000000000000000000000000000000000000000000000000000000000000000000000000000000000000000000000000000000000000000000000000000000000000000000000000000000000000000000000000000000000000000000000000000000000001000000000000000000], non-connectable, sourceCore: MainCore, IsELNAOn: 0, IsPassup: 0, IsFromSCCompensation0, IsCoexDenied0,
2026-05-08 00:43:42.998 I  bluetoothd[376:3e8d] [com.apple.bluetooth:Server.LE.Scan] Device "8815BD36-2701-E1D9-0BE2-F44F88B30988" matched MFG data
2026-05-08 00:43:42.998 Db bluetoothd[376:3e8d] [com.apple.bluetooth:Server.LE.Scan] doesDeviceMatch: fAdvDataMap size:19 fMaxNumOfReportsInMap:200 fAdvDataMap size:19 Puck?:1 roomInMap:1
2026-05-08 00:43:42.998 Db bluetoothd[376:3e8d] [com.apple.bluetooth:Server.XPC] createXpcAdvData sending data:{length = 29, bytes = 0x4c001219 00cabf19 67a61dc7 d22821bd ... c6d8cc4d 65400100 } length:29 originalLength:29 lenError:0
2026-05-08 00:43:42.998 Db bluetoothd[376:3e8d] [com.apple.bluetooth:Server.App] moreAvailable=0, isFromADVBuffer=0
2026-05-08 00:43:42.998 Db bluetoothd[376:3e8d] [com.apple.bluetooth:Server.LE.Scan] doesDeviceMatch: fAdvDataMap size:22 fMaxNumOfReportsInMap:200 fAdvDataMap size:22 Puck?:0 roomInMap:1
2026-05-08 00:43:42.998 Db bluetoothd[376:3e8d] [com.apple.bluetooth:Server.App] moreAvailable=0, isFromADVBuffer=0
2026-05-08 00:43:42.999 Db bluetoothd[376:3e8d] [com.apple.bluetooth:Server.LE.Scan] Show dup for given rule with puck type 0x12
2026-05-08 00:43:42.999 I  bluetoothd[376:3e8d] [com.apple.bluetooth:Server.LE.Scan] Device "8815BD36-2701-E1D9-0BE2-F44F88B30988" matched MFG data
2026-05-08 00:43:42.999 Db bluetoothd[376:3e8d] [com.apple.bluetooth:Server.LE.Scan] doesDeviceMatch: fAdvDataMap size:19 fMaxNumOfReportsInMap:200 fAdvDataMap size:19 Puck?:1 roomInMap:1
2026-05-08 00:43:42.999 Db bluetoothd[376:3e8d] [com.apple.bluetooth:Server.XPC] createXpcAdvData sending data:{length = 29, bytes = 0x4c001219 00cabf19 67a61dc7 d22821bd ... c6d8cc4d 65400100 } length:29 originalLength:29 lenError:0
2026-05-08 00:43:42.999 Db bluetoothd[376:3e8d] [com.apple.bluetooth:Server.App] moreAvailable=0, isFromADVBuffer=0
2026-05-08 00:43:42.999 Db bluetoothd[376:3e8d] [com.apple.bluetooth:Server.LE.Scan] Agents: com.apple.locationd-central-361-1 hashedUUIDs=0 Nbmatchrules=1 ServiceUUID=2 | com.apple.bluetoothd-central-376-6 hashedUUIDs=0 Nbmatchrules=0 ServiceUUID=0 | com.apple.bluetoothd-central-376-9 hashedUUIDs=0 Nbmatchrules=1 ServiceUUID=2 |
2026-05-08 00:43:42.999 Db bluetoothd[376:3e8d] [com.apple.CFBundle:strings] Bundle: <private>, key: bt_type_generic, value: , table: CBLocalizable, localizationNames: (null), result: Bluetooth Device
2026-05-08 00:43:42.999 I  bluetoothd[376:3e8d] [com.apple.bluetooth:CBStackBLEScanner] Device found new: CBDevice 8815BD36-2701-E1D9-0BE2-F44F88B30988, BDA XX:XX:XX:XX:XX:XX, Nm 'Bluetooth Device', DsFl 0x40000000000 < ObjectDiscoveryWild >, DvF 0x40000000000 < Connectable >, RSSI -88, Ch 39, AdTsMC <329169985>, AMfD <4c 00 12 19 00 ca bf 19 67 a6 1d c7 d2 28 21 bd 94 5f f6 f6 e7 c6 d8 cc 4d 65 40 01 00>, odBS High, odMd Wild, odNO NULL, odPI ApGn, odPK 6e354781bdd1cabf1967a61dc7d22821bd945ff6f6e7c6d8cc4d6540, CF 0xC0A44000000 < New BLEAdvertisementData RSSI DiscoveryFlags ObjectDiscoveryWild Attributes >
2026-05-08 00:43:42.999 Db bluetoothd[376:3e8d] [com.apple.CFBundle:strings] Bundle: <private>, key: bt_type_generic, value: , table: CBLocalizable, localizationNames: (null), result: Bluetooth Device
2026-05-08 00:43:42.999 Df bluetoothd[376:253c] [com.apple.icloud.SPOwner:CBPeripheralManagement] SPCBLeechScanner: didDiscoverPeripheral: {
    kCBAdvDataChannel = 39;
    kCBAdvDataDeviceAddress = {length = 6, bytes = 0xee354781bdd1};
    kCBAdvDataDeviceAddressType = 1;
    kCBAdvDataIsCoexDenied = 0;
    kCBAdvDataIsConnectable = 0;
    kCBAdvDataIsELNAOn = 1;
    kCBAdvDataIsFromSCCompensation = 0;
    kCBAdvDataIsPassup = 0;
    kCBAdvDataManufacturerData = {length = 29, bytes = 0x4c001219 00cabf19 67a61dc7 d22821bd ... c6d8cc4d 65400100 };
    kCBAdvDataRxPrimaryPHY = 129;
    kCBAdvDataRxSecondaryPHY = 0;
    kCBAdvDataScanSourceCore = 0;
    kCBAdvDataTimestamp = "799915422.997806";
    kCBAdvDataWSaturated = 0;
    kCBAdvDataWlanRSSI = 0;
    kCBScanOptionFilterIdentifier = 0;
    kCBScanOptionFilterIdentifierString = default;
}  RSSI: -88
2026-05-08 00:43:42.999 Df bluetoothd[376:3e8d] [com.apple.bluetooth:CBDaemonServer] BLE Scanner Device Found: CBDevice 8815BD36-2701-E1D9-0BE2-F44F88B30988, BDA XX:XX:XX:XX:XX:XX, Nm 'Bluetooth Device', DsFl 0x40000000000 < ObjectDiscoveryWild >, DvF 0x40000000000 < Connectable >, RSSI -88, Ch 39, AdTsMC <329169985>, AMfD <4c 00 12 19 00 ca bf 19 67 a6 1d c7 d2 28 21 bd 94 5f f6 f6 e7 c6 d8 cc 4d 65 40 01 00>, odBS High, odMd Wild, odNO NULL, odPI ApGn, odPK 6e354781bdd1cabf1967a61dc7d22821bd945ff6f6e7c6d8cc4d6540, CF 0xC0A40000000 < BLEAdvertisementData RSSI DiscoveryFlags ObjectDiscoveryWild Attributes >
2026-05-08 00:43:43.945 Df sharingd[647:1634] [com.apple.bluetooth:WirelessProximity] Nearby clear duplicate filter cache type 1
2026-05-08 00:43:43.946 Df sharingd[647:1634] [com.apple.bluetooth:WirelessProximity] ProximityPairing clear duplicate cache
