2026-05-08 00:43:48.356 Df bluetoothd[376:41d8] [com.apple.bluetooth:Server.LE.Scan] ScanParams: [com.apple.locationd-central-361-1] AP:0 AD:0(30/300) AS:0 RAS:0 DMN:1 FG:0 ADVBF:0 pBT:0|[com.apple.bluetoothd-central-376-3] AP:0 AD:1(30/300) AS:0 RAS:0 DMN:1 FG:0 ADVBF:0 pBT:0|[com.apple.bluetoothd-central-376-6] AP:0 AD:0(30/966) AS:0 RAS:0 DMN:1 FG:0 ADVBF:0 pBT:0
2026-05-08 00:43:48.357 Df bluetoothd[376:41d8] [com.apple.bluetooth:Server.LE.Scan] ScanParams: [CBDaemon-0x9A7F002B] AP:0 AD:0(30/300) AS:0 RAS:0 DMN:1 FG:0 ADVBF:0 pBT:0
2026-05-08 00:43:48.357 Db bluetoothd[376:41d8] [com.apple.bluetooth:Server.LE.Scan] scanParamsScanCoreTable: input [window 48 interval 480 type 4 passive 1 critical 0 range 0] output [MCELNABypass 0 SCELNAOn 0 SCELNABypass 80 concurrent 0] compensation [N, 50, query 1]
2026-05-08 00:43:48.357 Df bluetoothd[376:41d8] [com.apple.bluetooth:Server.LE.Scan] Returning scan parameters: Main:30.00ms/300.00ms LP:0.00ms/300.00ms(supported) SC:0.00ms/50.00ms/non-concurrent(supported) Dm:(m:30/300) Cond:0:1:0 Sc:1 (passive) Dupfilter:Enabled minScanLevel:3 ENAssertion:N Pri:0/0
2026-05-08 00:43:48.357 Df bluetoothd[376:41d8] [com.apple.bluetooth:Server.LE.Scan] needToRestart=0
2026-05-08 00:43:48.358 Df bluetoothd[376:134b] [com.apple.bluetooth:Server.Security] Link key requested for device 'E8 06 88 4B 07 41'
2026-05-08 00:43:48.358 Df bluetoothd[376:134b] [com.apple.bluetooth:Server.Security] Found link key for device 'E8 06 88 4B 07 41'
2026-05-08 00:43:48.358 Df bluetoothd[376:134b] [com.apple.bluetooth:Stack.SECMGR]  Send set encryption on
2026-05-08 00:43:48.422 Df bluetoothd[376:134b] [com.apple.bluetooth:Stack.SECMGR]  HCIEvent EncryptionChange: Encryption E0 enabled
2026-05-08 00:43:48.422 Df bluetoothd[376:134b] [com.apple.bluetooth:Stack.SECMGR]          addr     = E8:06:88:4B:07:41
2026-05-08 00:43:48.422 Df bluetoothd[376:134b] [com.apple.bluetooth:Stack.SECMGR]          status   = OI_OK
2026-05-08 00:43:48.422 Df bluetoothd[376:134b] [com.apple.bluetooth:Stack.SECMGR]          key size = 16
2026-05-08 00:43:48.422 Df bluetoothd[376:134b] [com.apple.bluetooth:Server.Security] Received encryption change for device 'E8 06 88 4B 07 41' with status 0 mode:1 keySize:16
2026-05-08 00:43:48.422 Df bluetoothd[376:134b] [com.apple.bluetooth:Server.Security] encryptionComplete status:0 encryptionMode:1 pendingClassicSMP:0 fCTKDDisabled=0 isPaired:1 isPairing:0 disableRemoteCTKDSupport:0 address:E8:06:88:4B:07:41
2026-05-08 00:43:48.422 Df bluetoothd[376:134b] [com.apple.bluetooth:Server.Security] Initializing EncryptionKeySize to 16
2026-05-08 00:43:48.422 Db bluetoothd[376:134b] [com.apple.defaults:User Defaults] looked up value <private> for key E8:06:88:4B:07:41 in CFPrefsPlistSource<0x9920b6000> (Domain: com.apple.MobileBluetooth.devices, User: kCFPreferencesCurrentUser, ByHost: No, Container: /Library/Bluetooth, Contents Need Refresh: No) via CFPrefsSearchListSource<0x9920b6d80> (Domain: com.apple.MobileBluetooth.devices, Container: /Library/Bluetooth)
2026-05-08 00:43:48.422 Db bluetoothd[376:134b] [com.apple.defaults:User Defaults] setting <private> in CFPrefsPlistSource<0x9920b6000> (Domain: com.apple.MobileBluetooth.devices, User: kCFPreferencesCurrentUser, ByHost: No, Container: /Library/Bluetooth, Contents Need Refresh: No)
2026-05-08 00:43:48.428 Df bluetoothd[376:134b] [com.apple.bluetooth:Server.Core] setEncryptionKeySize to 16 with result 0
2026-05-08 00:43:48.428 Df bluetoothd[376:134b] [com.apple.bluetooth:Server.Security] Initializing EncryptionMode to 1
2026-05-08 00:43:48.429 Db bluetoothd[376:134b] [com.apple.defaults:User Defaults] CFPrefsPlistSource<0x9920b6f00> (Domain: com.apple.MobileBluetooth.devices, User: kCFPreferencesCurrentUser, ByHost: Yes, Container: /Library/Bluetooth, Contents Need Refresh: No) loaded: an empty base plist and no additional changes from the base plist
2026-05-08 00:43:48.429 Db bluetoothd[376:134b] [com.apple.defaults:User Defaults] looked up value <private> for key E8:06:88:4B:07:41 in CFPrefsPlistSource<0x9920b6000> (Domain: com.apple.MobileBluetooth.devices, User: kCFPreferencesCurrentUser, ByHost: No, Container: /Library/Bluetooth, Contents Need Refresh: No) via CFPrefsSearchListSource<0x9920b6d80> (Domain: com.apple.MobileBluetooth.devices, Container: /Library/Bluetooth)
2026-05-08 00:43:48.429 Db bluetoothd[376:134b] [com.apple.defaults:User Defaults] setting <private> in CFPrefsPlistSource<0x9920b6000> (Domain: com.apple.MobileBluetooth.devices, User: kCFPreferencesCurrentUser, ByHost: No, Container: /Library/Bluetooth, Contents Need Refresh: No)
2026-05-08 00:43:48.432 Df bluetoothd[376:134b] [com.apple.bluetooth:Server.Core] setEncryptionMode to 1 with result 0
2026-05-08 00:43:48.433 Df bluetoothd[376:134b] [com.apple.bluetooth:Server.Core] reportEncryptionKeySizeStats
2026-05-08 00:43:48.433 Db bluetoothd[376:134b] [com.apple.defaults:User Defaults] CFPrefsPlistSource<0x9920b6f00> (Domain: com.apple.MobileBluetooth.devices, User: kCFPreferencesCurrentUser, ByHost: Yes, Container: /Library/Bluetooth, Contents Need Refresh: No) loaded: an empty base plist and no additional changes from the base plist
2026-05-08 00:43:48.433 Db bluetoothd[376:134b] [com.apple.defaults:User Defaults] looked up value <private> for key E8:06:88:4B:07:41 in CFPrefsPlistSource<0x9920b6000> (Domain: com.apple.MobileBluetooth.devices, User: kCFPreferencesCurrentUser, ByHost: No, Container: /Library/Bluetooth, Contents Need Refresh: No) via CFPrefsSearchListSource<0x9920b6d80> (Domain: com.apple.MobileBluetooth.devices, Container: /Library/Bluetooth)
2026-05-08 00:43:48.433 Db bluetoothd[376:41d8] [com.apple.defaults:User Defaults] looked up value <private> for key XX:XX:XX:XX:XX:XX in CFPrefsPlistSource<0x9920b6000> (Domain: com.apple.MobileBluetooth.devices, User: kCFPreferencesCurrentUser, ByHost: No, Container: /Library/Bluetooth, Contents Need Refresh: No) via CFPrefsSearchListSource<0x9920b6d80> (Domain: com.apple.MobileBluetooth.devices, Container: /Library/Bluetooth)
2026-05-08 00:43:48.433 Db bluetoothd[376:41d8] [com.apple.bluetooth:Server.Security] XX:XX:XX:XX:XX:XX "[REDACTED] Mouse" - "[REDACTED] Mouse" hasTS: 0, res: 1
2026-05-08 00:43:48.433 Db bluetoothd[376:134b] [com.apple.defaults:User Defaults] CFPrefsPlistSource<0x9920b6000> (Domain: com.apple.MobileBluetooth.devices, User: kCFPreferencesCurrentUser, ByHost: No, Container: /Library/Bluetooth, Contents Need Refresh: No) skipping setting already-present value for key E8:06:88:4B:07:41
2026-05-08 00:43:48.433 Df bluetoothd[376:134b] [com.apple.bluetooth:Server.Core] setEncryptionKeySize to 16 with result 0
2026-05-08 00:43:48.433 Db bluetoothd[376:41d8] [com.apple.defaults:User Defaults] looked up value <private> for key XX:XX:XX:XX:XX:XX in CFPrefsPlistSource<0x9920b6000> (Domain: com.apple.MobileBluetooth.devices, User: kCFPreferencesCurrentUser, ByHost: No, Container: /Library/Bluetooth, Contents Need Refresh: No) via CFPrefsSearchListSource<0x9920b6d80> (Domain: com.apple.MobileBluetooth.devices, Container: /Library/Bluetooth)
2026-05-08 00:43:48.433 Db bluetoothd[376:41d8] [com.apple.bluetooth:Server.Security] XX:XX:XX:XX:XX:XX "JBL Xtreme 3" - "JBL Xtreme 3" hasTS: 0, res: 1
2026-05-08 00:43:48.433 Db bluetoothd[376:134b] [com.apple.defaults:User Defaults] looked up value <private> for key E8:06:88:4B:07:41 in CFPrefsPlistSource<0x9920b6000> (Domain: com.apple.MobileBluetooth.devices, User: kCFPreferencesCurrentUser, ByHost: No, Container: /Library/Bluetooth, Contents Need Refresh: No) via CFPrefsSearchListSource<0x9920b6d80> (Domain: com.apple.MobileBluetooth.devices, Container: /Library/Bluetooth)
2026-05-08 00:43:48.433 Db bluetoothd[376:41d8] [com.apple.defaults:User Defaults] looked up value <private> for key XX:XX:XX:XX:XX:XX in CFPrefsPlistSource<0x9920b6000> (Domain: com.apple.MobileBluetooth.devices, User: kCFPreferencesCurrentUser, ByHost: No, Container: /Library/Bluetooth, Contents Need Refresh: No) via CFPrefsSearchListSource<0x9920b6d80> (Domain: com.apple.MobileBluetooth.devices, Container: /Library/Bluetooth)
2026-05-08 00:43:48.433 Db bluetoothd[376:41d8] [com.apple.bluetooth:Server.Security] XX:XX:XX:XX:XX:XX "AirPods Pro" - "AirPods Pro" hasTS: 0, res: 1
2026-05-08 00:43:48.433 Db bluetoothd[376:134b] [com.apple.defaults:User Defaults] CFPrefsPlistSource<0x9920b6000> (Domain: com.apple.MobileBluetooth.devices, User: kCFPreferencesCurrentUser, ByHost: No, Container: /Library/Bluetooth, Contents Need Refresh: No) skipping setting already-present value for key E8:06:88:4B:07:41
2026-05-08 00:43:48.433 Df bluetoothd[376:134b] [com.apple.bluetooth:Server.Core] setEncryptionMode to 1 with result 0
2026-05-08 00:43:48.433 Db bluetoothd[376:41d8] [com.apple.defaults:User Defaults] looked up value <private> for key XX:XX:XX:XX:XX:XX in CFPrefsPlistSource<0x9920b6000> (Domain: com.apple.MobileBluetooth.devices, User: kCFPreferencesCurrentUser, ByHost: No, Container: /Library/Bluetooth, Contents Need Refresh: No) via CFPrefsSearchListSource<0x9920b6d80> (Domain: com.apple.MobileBluetooth.devices, Container: /Library/Bluetooth)
2026-05-08 00:43:48.433 Df bluetoothd[376:134b] [com.apple.bluetooth:Stack.SECMGR]  Enforcement complete with OI_OK
2026-05-08 00:43:48.433 Db bluetoothd[376:41d8] [com.apple.bluetooth:Server.Security] XX:XX:XX:XX:XX:XX "HD 450BT" - "HD 450BT" hasTS: 0, res: 1
2026-05-08 00:43:48.433 Df bluetoothd[376:134b] [com.apple.bluetooth:Stack.POLICYMGR]  Trace finishEnforcementEffort handle 0x01A80002 : PMAN_ST_POWER_ENFORCE --------------------> PMAN_ST_IDLE
2026-05-08 00:43:48.433 Db bluetoothd[376:41d8] [com.apple.defaults:User Defaults] looked up value <private> for key XX:XX:XX:XX:XX:XX in CFPrefsPlistSource<0x9920b6000> (Domain: com.apple.MobileBluetooth.devices, User: kCFPreferencesCurrentUser, ByHost: No, Container: /Library/Bluetooth, Contents Need Refresh: No) via CFPrefsSearchListSource<0x9920b6d80> (Domain: com.apple.MobileBluetooth.devices, Container: /Library/Bluetooth)
2026-05-08 00:43:48.434 Db bluetoothd[376:41d8] [com.apple.bluetooth:Server.Security] XX:XX:XX:XX:XX:XX "Magic Mouse" - "Magic Mouse" hasTS: 0, res: 1
2026-05-08 00:43:48.434 Db bluetoothd[376:41d8] [com.apple.defaults:User Defaults] looked up value <private> for key E8:06:88:4B:07:41 in CFPrefsPlistSource<0x9920b6000> (Domain: com.apple.MobileBluetooth.devices, User: kCFPreferencesCurrentUser, ByHost: No, Container: /Library/Bluetooth, Contents Need Refresh: No) via CFPrefsSearchListSource<0x9920b6d80> (Domain: com.apple.MobileBluetooth.devices, Container: /Library/Bluetooth)
2026-05-08 00:43:48.434 Db bluetoothd[376:41d8] [com.apple.bluetooth:Server.Security] E8:06:88:4B:07:41 "[REDACTED] Keyboard" - "[REDACTED] Keyboard" hasTS: 0, res: 1
2026-05-08 00:43:48.434 Db bluetoothd[376:41d8] [com.apple.defaults:User Defaults] looked up value <private> for key XX:XX:XX:XX:XX:XX in CFPrefsPlistSource<0x9920b6000> (Domain: com.apple.MobileBluetooth.devices, User: kCFPreferencesCurrentUser, ByHost: No, Container: /Library/Bluetooth, Contents Need Refresh: No) via CFPrefsSearchListSource<0x9920b6d80> (Domain: com.apple.MobileBluetooth.devices, Container: /Library/Bluetooth)
2026-05-08 00:43:48.434 Db bluetoothd[376:41d8] [com.apple.bluetooth:Server.Security] XX:XX:XX:XX:XX:XX "[REDACTED] speaker" - "[REDACTED] speaker" hasTS: 0, res: 1
2026-05-08 00:43:48.486 Df bluetoothd[376:134c] [com.apple.bluetooth:Stack.L2CAP]  OI_L2CAP_Connect E8:06:88:4B:07:41 PSM = 0x00000013, Cb 0x0511A730
2026-05-08 00:43:48.486 Df bluetoothd[376:134c] [com.apple.bluetooth:Stack.POLICYMGR]  Trace deferredEnforcerCB, handle 0x01A90003
2026-05-08 00:43:48.486 Df bluetoothd[376:134c] [com.apple.bluetooth:Stack.MagicPairing]  Not delaying security enforcement for Address=E8:06:88:4B:07:41 keys available ? No pairing state :(STATE_IDLE)0
2026-05-08 00:43:48.486 Df bluetoothd[376:134c] [com.apple.bluetooth:Stack.SECMGR]  Enforce policy for E8:06:88:4B:07:41, HumanInterfaceDeviceService
2026-05-08 00:43:48.486 Df bluetoothd[376:134c] [com.apple.bluetooth:Server.Security] Device 'E8 06 88 4B 07 41' running UUID 0x1124 has security level 2 and enforcing
2026-05-08 00:43:48.486 Df bluetoothd[376:134c] [com.apple.bluetooth:Stack.POLICYMGR]  Trace startSecurityPolicyEnforcement handle 0x01A90003 : PMAN_ST_IDLE --------------------> PMAN_ST_DEVMGR_ENFORCE
2026-05-08 00:43:48.486 Df bluetoothd[376:134c] [com.apple.bluetooth:Stack.SECMGR]  Deferred enforcement request
2026-05-08 00:43:48.486 Df bluetoothd[376:134c] [com.apple.bluetooth:Server.Security] Link key requested for device 'E8 06 88 4B 07 41'
2026-05-08 00:43:48.486 Df bluetoothd[376:134c] [com.apple.bluetooth:Server.Security] Found link key for device 'E8 06 88 4B 07 41'
2026-05-08 00:43:48.486 Df bluetoothd[376:134c] [com.apple.bluetooth:Stack.SECMGR]  Deferred security enforcement with linkKeyExists 1, remoteSupportsSSP 0, bothTwoDotOne 0, seclevel 2
2026-05-08 00:43:48.486 Df bluetoothd[376:134c] [com.apple.bluetooth:Stack.SECMGR]  Security level 2: state ENCRYPTED, key is sufficient
2026-05-08 00:43:48.486 Df bluetoothd[376:134c] [com.apple.bluetooth:Stack.SECMGR]  Enforcement complete with OI_OK
2026-05-08 00:43:48.486 Df bluetoothd[376:134c] [com.apple.bluetooth:Stack.POLICYMGR]  Trace finishEnforcementEffort handle 0x01A90003 : PMAN_ST_POWER_ENFORCE --------------------> PMAN_ST_IDLE
2026-05-08 00:43:48.508 Df bluetoothd[376:134c] [com.apple.bluetooth:Server.HID] HID connection on handle 0x808 for device E8:06:88:4B:07:41 "[REDACTED] Keyboard" - "[REDACTED] Keyboard" with status 0
2026-05-08 00:43:48.508 Df bluetoothd[376:134c] [com.apple.bluetooth:Server.HID] Creating GenericInputDevice for device E8:06:88:4B:07:41 "[REDACTED] Keyboard" - "[REDACTED] Keyboard"
2026-05-08 00:43:48.508 Df bluetoothd[376:41d8] [com.apple.bluetooth:Server.Core] Received connection result for "HID Host" profile on device E8:06:88:4B:07:41 "[REDACTED] Keyboard" - "[REDACTED] Keyboard" - result was 0
2026-05-08 00:43:48.508 Df bluetoothd[376:41d8] [com.apple.bluetooth:Server.App] AppManager::serviceEvent Device: [REDACTED] Keyboard BTServiceID: 32, BTServiceSpecificEvent 11
2026-05-08 00:43:48.508 Df bluetoothd[376:41d8] [com.apple.bluetooth:Server.App] UN: notifyServiceConnectionChanged  event: 11, for serviceID: 0x20, result 0
2026-05-08 00:43:48.508 Df bluetoothd[376:11db] [com.apple.bluetooth:Server.Core] Sending 'device connected' notification for device E8:06:88:4B:07:41 "[REDACTED] Keyboard" - "[REDACTED] Keyboard" with result 0
2026-05-08 00:43:48.508 Df bluetoothd[376:41d8] [com.apple.bluetooth:Server.App] UN: notifyDeviceConnected: ACL? 1, sevices: 1
2026-05-08 00:43:48.508 Db bluetoothd[376:11db] [com.apple.defaults:User Defaults] looked up value <private> for key E8:06:88:4B:07:41 in CFPrefsPlistSource<0x9920b6000> (Domain: com.apple.MobileBluetooth.devices, User: kCFPreferencesCurrentUser, ByHost: No, Container: /Library/Bluetooth, Contents Need Refresh: No) via CFPrefsSearchListSource<0x9920b6d80> (Domain: com.apple.MobileBluetooth.devices, Container: /Library/Bluetooth)
2026-05-08 00:43:48.508 Db bluetoothd[376:11db] [com.apple.defaults:User Defaults] setting <private> in CFPrefsPlistSource<0x9920b6000> (Domain: com.apple.MobileBluetooth.devices, User: kCFPreferencesCurrentUser, ByHost: No, Container: /Library/Bluetooth, Contents Need Refresh: No)
2026-05-08 00:43:48.514 Df bluetoothd[376:11db] [com.apple.bluetooth:Server.Core] Sending 'connection status changed' event to local device listeners
2026-05-08 00:43:48.514 Df bluetoothd[376:41d8] [com.apple.bluetooth:Server.App] CBClassicSession::deviceConnected for device [REDACTED] Keyboard with result: 0 and internalState 2
2026-05-08 00:43:48.514 Df bluetoothd[376:134c] [com.apple.bluetooth:Server.HID] Performing HID handshake for device [REDACTED] Keyboard
2026-05-08 00:43:48.514 Df bluetoothd[376:3e8d] [com.apple.bluetooth:CBStackAccessoryMonitor] Connection status changed
2026-05-08 00:43:48.514 Df bluetoothd[376:41d8] [com.apple.bluetooth:Server.App] CBClassicSession::deviceConnected for device [REDACTED] Keyboard with result: 0 and internalState 2 and isIncoming 0
2026-05-08 00:43:48.514 Df bluetoothd[376:134c] [com.apple.bluetooth:Server.Core] isHIDShimDevice: HIDShim device E8:06:88:4B:07:41 "[REDACTED] Keyboard" - "[REDACTED] Keyboard" -- vID = 0x05AC, pID = 0x0239 -- Apple HID -- return true
2026-05-08 00:43:48.514 Df bluetoothd[376:11db] [com.apple.bluetooth:Server.Core] Masking 'connection status changed' event from local device listener : com.apple.coreservices.useractivityd-MBF-763-26-unique-id-userActivityBTStatus
2026-05-08 00:43:48.514 Db bluetoothd[376:41d8] [com.apple.bluetooth:Server.Core] Get SDP record data from SDP attributes for device E8:06:88:4B:07:41 "[REDACTED] Keyboard" - "[REDACTED] Keyboard"
2026-05-08 00:43:48.514 Db bluetoothd[376:41d8] [com.apple.bluetooth:Server.Core] SDP record cache size 671 with 2 services
2026-05-08 00:43:48.514 Db bluetoothd[376:11d9] [com.apple.bluetooth:Server.XPC] MBFXPC LOG: BTLocalDeviceMsgHandler::BTLocalDeviceStatusEventCallbackHandler() 0x992038fc0, fCallbacksRegistered:1
2026-05-08 00:43:48.514 Db bluetoothd[376:41d8] [com.apple.bluetooth:Server.Core] Returning sdp record NSData: {length = 671, bytes = 0x02000302 00241100 00160000 00010400 ... 02010200 02000000 }
2026-05-08 00:43:48.514 Db bluetoothd[376:41d8] [com.apple.bluetooth:Server.Core] Get SDP record data from SDP attributes for device E8:06:88:4B:07:41 "[REDACTED] Keyboard" - "[REDACTED] Keyboard"
2026-05-08 00:43:48.514 Db bluetoothd[376:41d8] [com.apple.bluetooth:Server.Core] SDP record cache size 671 with 2 services
2026-05-08 00:43:48.514 Db bluetoothd[376:41d8] [com.apple.bluetooth:Server.Core] Returning sdp record NSData: {length = 671, bytes = 0x02000302 00241100 00160000 00010400 ... 02010200 02000000 }
2026-05-08 00:43:48.514 Db bluetoothd[376:11d9] [com.apple.bluetooth:Server.XPC] BTLocalDeviceMsgHandler::BTLocalDeviceStatusEventCallback localDevice:17d80001 event:5 result:0 cbid:1
2026-05-08 00:43:48.514 Df bluetoothd[376:134c] [com.apple.bluetooth:Server.Core] isHIDShimDevice: HIDShim device E8:06:88:4B:07:41 "[REDACTED] Keyboard" - "[REDACTED] Keyboard" -- vID = 0x05AC, pID = 0x0239 -- Apple HID -- return true
2026-05-08 00:43:48.514 Df bluetoothd[376:134c] [com.apple.bluetooth:Server.HID] performHandshake: Device [REDACTED] Keyboard is using HID shim. Returning without calling start() on InputDevice.
2026-05-08 00:43:48.514 Df bluetoothd[376:134c] [com.apple.bluetooth:Server.Core] [MacUserClient][FullWake] -- Incoming connection request woke up machine fully -- HIDShim
2026-05-08 00:43:48.514 Db bluetoothd[376:41d8] [com.apple.bluetooth:Server.XPC] Sending XPC message "CBMsgIdPeerConnectionStateUpdated" to session "com.apple.PerfPowerServices-classic-369-12"
2026-05-08 00:43:48.514 Db bluetoothd[376:11d9] [com.apple.bluetooth:Server.XPC] Sending XPC message "kCBMsgIdLocalDeviceStatusEvent" to session "com.apple.corespeechd-MBF-636-20"
2026-05-08 00:43:48.514 Df bluetoothd[376:3e8d] [com.apple.bluetooth:CBStackAccessoryMonitor] Audio Accessory Device Info Changed: 3A98916D-37D0-765D-AD8B-4E2E2591EE5E
2026-05-08 00:43:48.515 Db bluetoothd[376:41d8] [com.apple.bluetooth:Server.XPC] Sending XPC message "CBMsgIdPeerConnectionCompleted" to session "com.apple.PerfPowerServices-classic-369-12"
2026-05-08 00:43:48.515 Db bluetoothd[376:11d9] [com.apple.bluetooth:Server.XPC] MBFXPC LOG: BTLocalDeviceMsgHandler::BTLocalDeviceStatusEventCallbackHandler() 0x9920391f0, fCallbacksRegistered:1
2026-05-08 00:43:48.515 Df bluetoothd[376:41d8] [com.apple.bluetooth:Server.App] CBClassicSession::deviceConnected for device [REDACTED] Keyboard with result: 0 and internalState 2
2026-05-08 00:43:48.515 Db corespeechd[636:3e3a] [com.apple.bluetooth:MobileBluetoothFramework] handleConnectionEvent service:com.apple.server.bluetooth.general.xpc, sessionName:CSBluetoothManager
2026-05-08 00:43:48.515 Df bluetoothd[376:134c] [com.apple.bluetooth:Server.Core] isHIDShimDevice: HIDShim device E8:06:88:4B:07:41 "[REDACTED] Keyboard" - "[REDACTED] Keyboard" -- vID = 0x05AC, pID = 0x0239 -- Apple HID -- return true
2026-05-08 00:43:48.515 Db PerfPowerServices[369:3e3d] [com.apple.bluetooth:CoreBluetooth] -[CBClassicManager handlePeerConnectionStateUpdated:] {
    kCBMsgArgDeviceUUID = "3A98916D-37D0-765D-AD8B-4E2E2591EE5E";
    kCBMsgArgInternalState = 2;
    kCBMsgArgIsIncoming = 0;
    kCBMsgArgResult = 0;
    kCBMsgArgSDPRecordData = {length = 671, bytes = 0x02000302 00241100 00160000 00010400 ... 02010200 02000000 };
    kCBMsgArgServices =     (
                {
            kCBMsgArgPSM = 17;
            kCBMsgArgServiceUUID = {length = 2, bytes = 0x0011};
        },
                {
            kCBMsgArgPSM = 19;
            kCBMsgArgServiceUUID = {length = 2, bytes = 0x0011};
        },
                {
            kCBMsgArgPSM = 1;
            kCBMsgArgServiceUUID = {length = 2, bytes = 0x0001};
        }
    );
}
2026-05-08 00:43:48.515 Db corespeechd[636:3e3a] [com.apple.bluetooth:MobileBluetoothFramework]   handleMsg service:com.apple.server.bluetooth.general.xpc, sessionName:CSBluetoothManager, msgId:kCBMsgIdLocalDeviceStatusEvent
2026-05-08 00:43:48.515 Db bluetoothd[376:134c] [com.apple.bluetooth:Server.HID] connectionCallback: Dispatching a block to create a HID Shim device for E8:06:88:4B:07:41 "[REDACTED] Keyboard" - "[REDACTED] Keyboard".
2026-05-08 00:43:48.515 Db PerfPowerServices[369:3e3d] [com.apple.bluetooth:CoreBluetooth] -[CBClassicPeer handlePeerUpdated:] No updates to name in response to a peerUpdate XPC message.
2026-05-08 00:43:48.515 Db corespeechd[636:3e3a] [com.apple.bluetooth:MobileBluetoothFramework] deviceServiceXpcMsgHandler msg:kCBMsgIdLocalDeviceStatusEvent sessionName:CSBluetoothManager serviceName:com.apple.server.bluetooth.general.xpc session:0 cbid:1 cb:0
2026-05-08 00:43:48.515 Df bluetoothd[376:134c] [com.apple.bluetooth:Server.HID] bool BT::HIDProfile::isHIDAutoConnectInProgress() fAutoConnectQueues:1
2026-05-08 00:43:48.515 Df PerfPowerServices[369:3e3d] [com.apple.bluetooth:IOBluetooth] -[IOBluetoothCoreBluetoothCoordinator init]_block_invoke connectionStatusHandler callback for peer: <CBClassicPeer: 0x6382fe080 3A98916D-37D0-765D-AD8B-4E2E2591EE5E, [REDACTED] Keyboard, connected, Paired, E8:06:88:4B:07:41, devType: 24, PID: 0x0239, VID: 0x05AC, Apple> with error: 0
2026-05-08 00:43:48.515 Db corespeechd[636:3e3a] [com.apple.bluetooth:MobileBluetoothFramework] deviceServiceXpcMsgHandler did not handle kCBMsgIdLocalDeviceStatusEvent sessionName:CSBluetoothManager serviceName:com.apple.server.bluetooth.general.xpc session:0 cbid:1 cb:0
2026-05-08 00:43:48.515 Df bluetoothd[376:134c] [com.apple.bluetooth:Server.HID] connectionCallback: (Non-GC) HID device E8:06:88:4B:07:41 "[REDACTED] Keyboard" - "[REDACTED] Keyboard" does not support 15ms sniff interval. Updating device information.
2026-05-08 00:43:48.515 Df PerfPowerServices[369:3e3d] [com.apple.bluetooth:IOBluetooth] -[IOBluetoothCoreBluetoothCoordinator init]_block_invoke connectionStatusHandler: <CBClassicPeer: 0x6382fe080 3A98916D-37D0-765D-AD8B-4E2E2591EE5E, [REDACTED] Keyboard, connected, Paired, E8:06:88:4B:07:41, devType: 24, PID: 0x0239, VID: 0x05AC, Apple> with error: 0
2026-05-08 00:43:48.515 Db corespeechd[636:3e3a] [com.apple.bluetooth:MobileBluetoothFramework] localDeviceXpcMsgHandler msg:kCBMsgIdLocalDeviceStatusEvent sessionName:CSBluetoothManager serviceName:com.apple.server.bluetooth.general.xpc localDeviceId:17d80001 cbid:1 cbs:1f5b87cf0 linkCBs:0
2026-05-08 00:43:48.515 Df bluetoothd[376:134c] [com.apple.bluetooth:Server.Core] Setting device E8:06:88:4B:07:41 "[REDACTED] Keyboard" - "[REDACTED] Keyboard" to Incompatible HID from Compatible HID
2026-05-08 00:43:48.515 Db corespeechd[636:3e3a] [com.apple.bluetooth:MobileBluetoothFramework] localDeviceXpcMsgHandler handled kCBMsgIdLocalDeviceStatusEvent sessionName:CSBluetoothManager serviceName:com.apple.server.bluetooth.general.xpc localDeviceId:17d80001 cbid:1 cbs:1f5b87cf0 linkCBs:0
2026-05-08 00:43:48.516 Df PerfPowerServices[369:3e3d] [com.apple.bluetooth:CoreBluetooth] -[CBClassicManager handlePeerConnectionCompleted:] <CBClassicPeer: 0x6382fe080 3A98916D-37D0-765D-AD8B-4E2E2591EE5E, [REDACTED] Keyboard, connected, Paired, E8:06:88:4B:07:41, devType: 24, PID: 0x0239, VID: 0x05AC, Apple> {
    kCBMsgArgDeviceUUID = "3A98916D-37D0-765D-AD8B-4E2E2591EE5E";
    kCBMsgArgInternalState = 2;
    kCBMsgArgIsIncoming = 0;
    kCBMsgArgResult = 0;
    kCBMsgArgSDPRecordData = {length = 671, bytes = 0x02000302 00241100 00160000 00010400 ... 02010200 02000000 };
    kCBMsgArgServices =     (
                {
            kCBMsgArgPSM = 17;
            kCBMsgArgServiceUUID = {length = 2, bytes = 0x0011};
        },
                {
            kCBMsgArgPSM = 19;
            kCBMsgArgServiceUUID = {length = 2, bytes = 0x0011};
        },
                {
            kCBMsgArgPSM = 1;
            kCBMsgArgServiceUUID = {length = 2, bytes = 0x0001};
        }
    );
}
2026-05-08 00:43:48.515 Df bluetoothd[376:134c] [com.apple.bluetooth:Server.Core] DeviceManager:: compute Classic incompatible device: curr 1, new 1
2026-05-08 00:43:48.516 Db PerfPowerServices[369:4166] [com.apple.bluetooth:CoreBluetooth] -[CBClassicManager retrievePairedPeersWithOptions:] {
}
2026-05-08 00:43:48.515 Db bluetoothd[376:11d9] [com.apple.bluetooth:Server.XPC] BTLocalDeviceMsgHandler::BTLocalDeviceStatusEventCallback localDevice:995e0001 event:5 result:0 cbid:1
2026-05-08 00:43:48.516 Db PerfPowerServices[369:4166] [com.apple.bluetooth:CoreBluetooth] -[CBClassicManager retrievePairedPeersWithOptions:] {
}
2026-05-08 00:43:48.515 Db bluetoothd[376:134c] [com.apple.defaults:User Defaults] found no value for key HID in CFPrefsSearchListSource<0x105c17bf0> (Domain: com.apple.MobileBluetooth.debug, Container: (null))
2026-05-08 00:43:48.516 Db PerfPowerServices[369:4166] [com.apple.bluetooth:CoreBluetooth] Sending synchronous XPC message 43: {
}
2026-05-08 00:43:48.515 Df bluetoothd[376:41d8] [com.apple.bluetooth:Server.App] CBClassicSession::deviceConnected for device [REDACTED] Keyboard with result: 0 and internalState 2 and isIncoming 0
2026-05-08 00:43:48.515 Db bluetoothd[376:3e8d] [com.apple.bluetooth:CBStackAccessoryMonitor] Audio Accessory Device: 496EC28A-1179-51F7-64B7-7C454989E3B4 unchanged
2026-05-08 00:43:48.516 Db bluetoothd[376:41d8] [com.apple.bluetooth:Server.Core] Get SDP record data from SDP attributes for device E8:06:88:4B:07:41 "[REDACTED] Keyboard" - "[REDACTED] Keyboard"
2026-05-08 00:43:48.516 Df bluetoothd[376:3e8d] [com.apple.bluetooth:CBStackDeviceMonitor] Connection status changed
2026-05-08 00:43:48.516 Db bluetoothd[376:41d8] [com.apple.bluetooth:Server.Core] SDP record cache size 671 with 2 services
2026-05-08 00:43:48.515 Db bluetoothd[376:11db] [com.apple.bluetooth:Server.A2DP] No corresponding device for XX:XX:XX:XX:XX:XX "[REDACTED] Mouse" - "[REDACTED] Mouse" found in fA2dpHandleToDeviceMap (0 devices)
2026-05-08 00:43:48.516 Db bluetoothd[376:41d8] [com.apple.bluetooth:Server.Core] Returning sdp record NSData: {length = 671, bytes = 0x02000302 00241100 00160000 00010400 ... 02010200 02000000 }
2026-05-08 00:43:48.516 Db bluetoothd[376:11db] [com.apple.bluetooth:Server.A2DP] isStreamingAudioToDevice: Unable to retrieve handle for device.
2026-05-08 00:43:48.515 Db bluetoothd[376:11d9] [com.apple.bluetooth:Server.XPC] Sending XPC message "kCBMsgIdLocalDeviceStatusEvent" to session "com.apple.accessibility.heard-MBF-938-38"
2026-05-08 00:43:48.516 Db bluetoothd[376:41d8] [com.apple.bluetooth:Server.Core] Get SDP record data from SDP attributes for device E8:06:88:4B:07:41 "[REDACTED] Keyboard" - "[REDACTED] Keyboard"
2026-05-08 00:43:48.516 Db bluetoothd[376:11d9] [com.apple.bluetooth:Server.XPC] MBFXPC LOG: BTLocalDeviceMsgHandler::BTLocalDeviceStatusEventCallbackHandler() 0x9920399d0, fCallbacksRegistered:1
2026-05-08 00:43:48.516 Db bluetoothd[376:41d8] [com.apple.bluetooth:Server.Core] SDP record cache size 671 with 2 services
2026-05-08 00:43:48.516 Db bluetoothd[376:11d9] [com.apple.bluetooth:Server.XPC] BTLocalDeviceMsgHandler::BTLocalDeviceStatusEventCallback localDevice:23a0001 event:5 result:0 cbid:1
2026-05-08 00:43:48.516 Db bluetoothd[376:41d8] [com.apple.bluetooth:Server.Core] Returning sdp record NSData: {length = 671, bytes = 0x02000302 00241100 00160000 00010400 ... 02010200 02000000 }
2026-05-08 00:43:48.516 Db bluetoothd[376:11d9] [com.apple.bluetooth:Server.XPC] Sending XPC message "kCBMsgIdLocalDeviceStatusEvent" to session "com.apple.ContextStoreAgent-MBF-748-41"
2026-05-08 00:43:48.516 Db bluetoothd[376:41d8] [com.apple.bluetooth:Server.XPC] Sending XPC message "CBMsgIdPeerConnectionStateUpdated" to session "com.apple.systemstats-classic-322-15"
2026-05-08 00:43:48.516 Db bluetoothd[376:11db] [com.apple.bluetooth:Server.A2DP] No corresponding device for E8:06:88:4B:07:41 "[REDACTED] Keyboard" - "[REDACTED] Keyboard" found in fA2dpHandleToDeviceMap (0 devices)
2026-05-08 00:43:48.517 Db bluetoothd[376:3e8d] [com.apple.defaults:User Defaults] CFPrefsPlistSource<0x9920b6f00> (Domain: com.apple.MobileBluetooth.devices, User: kCFPreferencesCurrentUser, ByHost: Yes, Container: /Library/Bluetooth, Contents Need Refresh: No) loaded: an empty base plist and no additional changes from the base plist
2026-05-08 00:43:48.517 Db bluetoothd[376:11db] [com.apple.bluetooth:Server.A2DP] isStreamingAudioToDevice: Unable to retrieve handle for device.
2026-05-08 00:43:48.517 Db ContextStoreAgent[748:407c] [com.apple.bluetooth:MobileBluetoothFramework] handleConnectionEvent service:com.apple.server.bluetooth.general.xpc, sessionName:ContextStoreAgent-748
2026-05-08 00:43:48.517 Db bluetoothd[376:11d9] [com.apple.bluetooth:Server.XPC] MBFXPC LOG: BTLocalDeviceMsgHandler::BTLocalDeviceStatusEventCallbackHandler() 0x992038230, fCallbacksRegistered:1
2026-05-08 00:43:48.516 Db heard[938:3d68] [com.apple.bluetooth:MobileBluetoothFramework] handleConnectionEvent service:com.apple.server.bluetooth.general.xpc, sessionName:com.apple.accessibility.heard-938
2026-05-08 00:43:48.517 Db bluetoothd[376:41d8] [com.apple.bluetooth:Server.XPC] Sending XPC message "CBMsgIdPeerConnectionCompleted" to session "com.apple.systemstats-classic-322-15"
2026-05-08 00:43:48.516 Db heard[938:3d68] [com.apple.bluetooth:MobileBluetoothFramework]   handleMsg service:com.apple.server.bluetooth.general.xpc, sessionName:com.apple.accessibility.heard-938, msgId:kCBMsgIdLocalDeviceStatusEvent
2026-05-08 00:43:48.517 Db bluetoothd[376:3e8d] [com.apple.defaults:User Defaults] looked up value <private> for key XX:XX:XX:XX:XX:XX in CFPrefsPlistSource<0x9920b6000> (Domain: com.apple.MobileBluetooth.devices, User: kCFPreferencesCurrentUser, ByHost: No, Container: /Library/Bluetooth, Contents Need Refresh: No) via CFPrefsSearchListSource<0x9920b6d80> (Domain: com.apple.MobileBluetooth.devices, Container: /Library/Bluetooth)
2026-05-08 00:43:48.517 Db ContextStoreAgent[748:407c] [com.apple.bluetooth:MobileBluetoothFramework]   handleMsg service:com.apple.server.bluetooth.general.xpc, sessionName:ContextStoreAgent-748, msgId:kCBMsgIdLocalDeviceStatusEvent
2026-05-08 00:43:48.517 Db bluetoothd[376:11d9] [com.apple.bluetooth:Server.XPC] BTLocalDeviceMsgHandler::BTLocalDeviceStatusEventCallback localDevice:49920001 event:5 result:0 cbid:1
2026-05-08 00:43:48.517 Df bluetoothd[376:41d8] [com.apple.bluetooth:Server.App] CBClassicSession::deviceConnected for device [REDACTED] Keyboard with result: 0 and internalState 2
2026-05-08 00:43:48.517 Db bluetoothd[376:11d9] [com.apple.bluetooth:Server.XPC] Sending XPC message "kCBMsgIdLocalDeviceStatusEvent" to session "com.apple.tipsd-MBF-1369-43"
2026-05-08 00:43:48.517 Db bluetoothd[376:3e8d] [com.apple.bluetooth:Server.Security] XX:XX:XX:XX:XX:XX "[REDACTED] Mouse" - "[REDACTED] Mouse" hasTS: 0, res: 1
2026-05-08 00:43:48.517 Df bluetoothd[376:41d8] [com.apple.bluetooth:Server.App] CBClassicSession::deviceConnected for device [REDACTED] Keyboard with result: 0 and internalState 2 and isIncoming 0
2026-05-08 00:43:48.517 Df bluetoothd[376:11db] [com.apple.bluetooth:Server.MacCoex] Posting Bluetooth Status Notification {
    "A2DP_CONNECTION_COUNT" = 0;
    "CONNECTED_HID_DEVICE_COUNT" = 2;
    "DESENSE_DETECTION" = 0;
    "ESTIMATED_BANDWIDTH_UTILIZATION" = 36;
    "POWER_STATE" = 1;
    "SCO_CONNECTION_COUNT" = 0;
}
2026-05-08 00:43:48.517 I  bluetoothd[376:3e8e] [com.apple.bluetooth:Server.XPC] Received MBFramework XPC message "kCBMsgIdLocalDeviceGetModulePowerMsg" from session "com.apple.accessibility.heard-MBF-938-38"
2026-05-08 00:43:48.517 Db bluetoothd[376:41d8] [com.apple.bluetooth:Server.Core] Get SDP record data from SDP attributes for device E8:06:88:4B:07:41 "[REDACTED] Keyboard" - "[REDACTED] Keyboard"
2026-05-08 00:43:48.517 Db bluetoothd[376:3e8d] [com.apple.defaults:User Defaults] looked up value <private> for key XX:XX:XX:XX:XX:XX in CFPrefsPlistSource<0x9920b6000> (Domain: com.apple.MobileBluetooth.devices, User: kCFPreferencesCurrentUser, ByHost: No, Container: /Library/Bluetooth, Contents Need Refresh: No) via CFPrefsSearchListSource<0x9920b6d80> (Domain: com.apple.MobileBluetooth.devices, Container: /Library/Bluetooth)
2026-05-08 00:43:48.517 Db tipsd[1369:4058] [com.apple.bluetooth:MobileBluetoothFramework] handleConnectionEvent service:com.apple.server.bluetooth.general.xpc, sessionName:com.apple.tipsd-1369
2026-05-08 00:43:48.517 Db ContextStoreAgent[748:407c] [com.apple.bluetooth:MobileBluetoothFramework] deviceServiceXpcMsgHandler msg:kCBMsgIdLocalDeviceStatusEvent sessionName:ContextStoreAgent-748 serviceName:com.apple.server.bluetooth.general.xpc session:0 cbid:1 cb:0
2026-05-08 00:43:48.517 Db bluetoothd[376:3e8e] [com.apple.bluetooth:Server.XPC] BTLocalDeviceMsgHandler::handleBTLocalDeviceGetModulePowerMsg localDeviceId:995e0001
2026-05-08 00:43:48.517 Db ContextStoreAgent[748:407c] [com.apple.bluetooth:MobileBluetoothFramework] deviceServiceXpcMsgHandler did not handle kCBMsgIdLocalDeviceStatusEvent sessionName:ContextStoreAgent-748 serviceName:com.apple.server.bluetooth.general.xpc session:0 cbid:1 cb:0
2026-05-08 00:43:48.517 Db bluetoothd[376:41d8] [com.apple.bluetooth:Server.Core] SDP record cache size 671 with 2 services
2026-05-08 00:43:48.517 Db bluetoothd[376:3e8d] [com.apple.bluetooth:Server.Security] XX:XX:XX:XX:XX:XX "JBL Xtreme 3" - "JBL Xtreme 3" hasTS: 0, res: 1
2026-05-08 00:43:48.516 Df bluetoothd[376:253c] [com.apple.bluetooth:Server.XPC] Received XPC message "CBMsgIdRetrievePairedPeersWithOptions" from session "com.apple.PerfPowerServices-classic-369-12"
2026-05-08 00:43:48.517 Df bluetoothd[376:3e8e] [com.apple.bluetooth:Server.Core] Returning bluetooth power state: ffffffff
2026-05-08 00:43:48.517 Db bluetoothd[376:41d8] [com.apple.bluetooth:Server.Core] Returning sdp record NSData: {length = 671, bytes = 0x02000302 00241100 00160000 00010400 ... 02010200 02000000 }
2026-05-08 00:43:48.517 Db bluetoothd[376:3e8d] [com.apple.defaults:User Defaults] looked up value <private> for key XX:XX:XX:XX:XX:XX in CFPrefsPlistSource<0x9920b6000> (Domain: com.apple.MobileBluetooth.devices, User: kCFPreferencesCurrentUser, ByHost: No, Container: /Library/Bluetooth, Contents Need Refresh: No) via CFPrefsSearchListSource<0x9920b6d80> (Domain: com.apple.MobileBluetooth.devices, Container: /Library/Bluetooth)
2026-05-08 00:43:48.517 Db bluetoothd[376:41d8] [com.apple.bluetooth:Server.Core] Get SDP record data from SDP attributes for device E8:06:88:4B:07:41 "[REDACTED] Keyboard" - "[REDACTED] Keyboard"
2026-05-08 00:43:48.517 Db heard[938:3f94] [com.apple.bluetooth:MobileBluetoothFramework] deviceServiceXpcMsgHandler msg:kCBMsgIdLocalDeviceStatusEvent sessionName:com.apple.accessibility.heard-938 serviceName:com.apple.server.bluetooth.general.xpc session:0 cbid:1 cb:0
2026-05-08 00:43:48.517 Db bluetoothd[376:3e8e] [com.apple.bluetooth:Server.XPC] BTLocalDeviceMsgHandler::handleBTLocalDeviceGetModulePowerMsg bluetooth power state: ffffffff
2026-05-08 00:43:48.517 Db heard[938:3f94] [com.apple.bluetooth:MobileBluetoothFramework] deviceServiceXpcMsgHandler did not handle kCBMsgIdLocalDeviceStatusEvent sessionName:com.apple.accessibility.heard-938 serviceName:com.apple.server.bluetooth.general.xpc session:0 cbid:1 cb:0
2026-05-08 00:43:48.517 Db bluetoothd[376:41d8] [com.apple.bluetooth:Server.Core] SDP record cache size 671 with 2 services
2026-05-08 00:43:48.517 Db heard[938:3f94] [com.apple.bluetooth:MobileBluetoothFramework] localDeviceXpcMsgHandler msg:kCBMsgIdLocalDeviceStatusEvent sessionName:com.apple.accessibility.heard-938 serviceName:com.apple.server.bluetooth.general.xpc localDeviceId:995e0001 cbid:1 cbs:1f5b87cf0 linkCBs:0
2026-05-08 00:43:48.517 Db bluetoothd[376:253c] [com.apple.defaults:User Defaults] looked up value <private> for key XX:XX:XX:XX:XX:XX in CFPrefsPlistSource<0x9920b6000> (Domain: com.apple.MobileBluetooth.devices, User: kCFPreferencesCurrentUser, ByHost: No, Container: /Library/Bluetooth, Contents Need Refresh: No) via CFPrefsSearchListSource<0x9920b6d80> (Domain: com.apple.MobileBluetooth.devices, Container: /Library/Bluetooth)
2026-05-08 00:43:48.518 I  bluetoothd[376:3e8e] [com.apple.bluetooth:Server.XPC] Handled MBFramework XPC message "kCBMsgIdLocalDeviceGetModulePowerMsg" from session "com.apple.accessibility.heard-MBF-938-38"
2026-05-08 00:43:48.518 Db bluetoothd[376:41d8] [com.apple.bluetooth:Server.Core] Returning sdp record NSData: {length = 671, bytes = 0x02000302 00241100 00160000 00010400 ... 02010200 02000000 }
2026-05-08 00:43:48.518 Db bluetoothd[376:253c] [com.apple.bluetooth:Server.Security] XX:XX:XX:XX:XX:XX "[REDACTED] Mouse" - "[REDACTED] Mouse" hasTS: 0, res: 1
2026-05-08 00:43:48.518 I  bluetoothd[376:3e8e] [com.apple.bluetooth:Server.XPC] Received MBFramework XPC message "kCBMsgIdLocalDeviceGetModulePowerMsg" from session "com.apple.ContextStoreAgent-MBF-748-41"
2026-05-08 00:43:48.518 Db bluetoothd[376:41d8] [com.apple.bluetooth:Server.XPC] Sending XPC message "CBMsgIdPeerConnectionStateUpdated" to session "com.apple.cloudpaird-classic-600-19"
2026-05-08 00:43:48.518 Db bluetoothd[376:253c] [com.apple.defaults:User Defaults] looked up value <private> for key XX:XX:XX:XX:XX:XX in CFPrefsPlistSource<0x9920b6000> (Domain: com.apple.MobileBluetooth.devices, User: kCFPreferencesCurrentUser, ByHost: No, Container: /Library/Bluetooth, Contents Need Refresh: No) via CFPrefsSearchListSource<0x9920b6d80> (Domain: com.apple.MobileBluetooth.devices, Container: /Library/Bluetooth)
2026-05-08 00:43:48.517 Db bluetoothd[376:3e8d] [com.apple.bluetooth:Server.Security] XX:XX:XX:XX:XX:XX "AirPods Pro" - "AirPods Pro" hasTS: 0, res: 1
2026-05-08 00:43:48.518 Db bluetoothd[376:253c] [com.apple.bluetooth:Server.Security] XX:XX:XX:XX:XX:XX "JBL Xtreme 3" - "JBL Xtreme 3" hasTS: 0, res: 1
2026-05-08 00:43:48.518 Db bluetoothd[376:41d8] [com.apple.bluetooth:Server.XPC] Sending XPC message "CBMsgIdPeerConnectionCompleted" to session "com.apple.cloudpaird-classic-600-19"
2026-05-08 00:43:48.518 Db bluetoothd[376:3e8d] [com.apple.defaults:User Defaults] looked up value <private> for key XX:XX:XX:XX:XX:XX in CFPrefsPlistSource<0x9920b6000> (Domain: com.apple.MobileBluetooth.devices, User: kCFPreferencesCurrentUser, ByHost: No, Container: /Library/Bluetooth, Contents Need Refresh: No) via CFPrefsSearchListSource<0x9920b6d80> (Domain: com.apple.MobileBluetooth.devices, Container: /Library/Bluetooth)
2026-05-08 00:43:48.518 Df bluetoothd[376:11db] [com.apple.bluetooth:CBStackController] DeviceConnected: CBDevice 3A98916D-37D0-765D-AD8B-4E2E2591EE5E, BDA E8:06:88:4B:07:41, CnS 0x20 < HID >, SupS 0x20 < HID >, result 310000/0x4BAF0 BT_SUCCESS
2026-05-08 00:43:48.518 Df bluetoothd[376:41d8] [com.apple.bluetooth:Server.App] CBClassicSession::deviceConnected for device [REDACTED] Keyboard with result: 0 and internalState 2
2026-05-08 00:43:48.518 Db bluetoothd[376:3e8d] [com.apple.bluetooth:Server.Security] XX:XX:XX:XX:XX:XX "HD 450BT" - "HD 450BT" hasTS: 0, res: 1
2026-05-08 00:43:48.518 Df bluetoothd[376:11db] [com.apple.bluetooth:Server.Core] Denylist already disabled
2026-05-08 00:43:48.518 Db bluetoothd[376:3e8e] [com.apple.bluetooth:Server.XPC] BTLocalDeviceMsgHandler::handleBTLocalDeviceGetModulePowerMsg localDeviceId:23a0001
2026-05-08 00:43:48.518 Df bluetoothd[376:11db] [com.apple.bluetooth:Server.Core] Sending 'connection not in progress' notification
2026-05-08 00:43:48.518 Df bluetoothd[376:3e8e] [com.apple.bluetooth:Server.Core] Returning bluetooth power state: ffffffff
2026-05-08 00:43:48.518 I  bluetoothd[376:11db] [com.apple.bluetooth:Server.Discovery] Resuming a scan - new count is 0
2026-05-08 00:43:48.518 Df bluetoothd[376:41d8] [com.apple.bluetooth:Server.App] CBClassicSession::deviceConnected for device [REDACTED] Keyboard with result: 0 and internalState 2 and isIncoming 0
2026-05-08 00:43:48.518 Db bluetoothd[376:253c] [com.apple.defaults:User Defaults] looked up value <private> for key XX:XX:XX:XX:XX:XX in CFPrefsPlistSource<0x9920b6000> (Domain: com.apple.MobileBluetooth.devices, User: kCFPreferencesCurrentUser, ByHost: No, Container: /Library/Bluetooth, Contents Need Refresh: No) via CFPrefsSearchListSource<0x9920b6d80> (Domain: com.apple.MobileBluetooth.devices, Container: /Library/Bluetooth)
2026-05-08 00:43:48.518 I  bluetoothd[376:11db] [com.apple.bluetooth:Server.Discovery] No scans queued - returning
2026-05-08 00:43:48.518 Db bluetoothd[376:41d8] [com.apple.bluetooth:Server.Core] Get SDP record data from SDP attributes for device E8:06:88:4B:07:41 "[REDACTED] Keyboard" - "[REDACTED] Keyboard"
2026-05-08 00:43:48.518 Db bluetoothd[376:3e8e] [com.apple.bluetooth:Server.XPC] BTLocalDeviceMsgHandler::handleBTLocalDeviceGetModulePowerMsg bluetooth power state: ffffffff
2026-05-08 00:43:48.517 Db ContextStoreAgent[748:407c] [com.apple.bluetooth:MobileBluetoothFramework] localDeviceXpcMsgHandler msg:kCBMsgIdLocalDeviceStatusEvent sessionName:ContextStoreAgent-748 serviceName:com.apple.server.bluetooth.general.xpc localDeviceId:23a0001 cbid:1 cbs:1f5b87cf0 linkCBs:0
2026-05-08 00:43:48.518 Db bluetoothd[376:3e8d] [com.apple.defaults:User Defaults] looked up value <private> for key XX:XX:XX:XX:XX:XX in CFPrefsPlistSource<0x9920b6000> (Domain: com.apple.MobileBluetooth.devices, User: kCFPreferencesCurrentUser, ByHost: No, Container: /Library/Bluetooth, Contents Need Refresh: No) via CFPrefsSearchListSource<0x9920b6d80> (Domain: com.apple.MobileBluetooth.devices, Container: /Library/Bluetooth)
2026-05-08 00:43:48.518 Db bluetoothd[376:41d8] [com.apple.bluetooth:Server.Core] SDP record cache size 671 with 2 services
2026-05-08 00:43:48.518 I  bluetoothd[376:3e8e] [com.apple.bluetooth:Server.XPC] Handled MBFramework XPC message "kCBMsgIdLocalDeviceGetModulePowerMsg" from session "com.apple.ContextStoreAgent-MBF-748-41"
2026-05-08 00:43:48.518 Db bluetoothd[376:3e8d] [com.apple.bluetooth:Server.Security] XX:XX:XX:XX:XX:XX "Magic Mouse" - "Magic Mouse" hasTS: 0, res: 1
2026-05-08 00:43:48.518 Db bluetoothd[376:41d8] [com.apple.bluetooth:Server.Core] Returning sdp record NSData: {length = 671, bytes = 0x02000302 00241100 00160000 00010400 ... 02010200 02000000 }
2026-05-08 00:43:48.518 Db bluetoothd[376:253c] [com.apple.bluetooth:Server.Security] XX:XX:XX:XX:XX:XX "AirPods Pro" - "AirPods Pro" hasTS: 0, res: 1
2026-05-08 00:43:48.517 Db tipsd[1369:4058] [com.apple.bluetooth:MobileBluetoothFramework]   handleMsg service:com.apple.server.bluetooth.general.xpc, sessionName:com.apple.tipsd-1369, msgId:kCBMsgIdLocalDeviceStatusEvent
2026-05-08 00:43:48.519 Db bluetoothd[376:3e8d] [com.apple.defaults:User Defaults] looked up value <private> for key E8:06:88:4B:07:41 in CFPrefsPlistSource<0x9920b6000> (Domain: com.apple.MobileBluetooth.devices, User: kCFPreferencesCurrentUser, ByHost: No, Container: /Library/Bluetooth, Contents Need Refresh: No) via CFPrefsSearchListSource<0x9920b6d80> (Domain: com.apple.MobileBluetooth.devices, Container: /Library/Bluetooth)
2026-05-08 00:43:48.519 Db bluetoothd[376:41d8] [com.apple.bluetooth:Server.Core] Get SDP record data from SDP attributes for device E8:06:88:4B:07:41 "[REDACTED] Keyboard" - "[REDACTED] Keyboard"
2026-05-08 00:43:48.519 Db bluetoothd[376:253c] [com.apple.defaults:User Defaults] looked up value <private> for key XX:XX:XX:XX:XX:XX in CFPrefsPlistSource<0x9920b6000> (Domain: com.apple.MobileBluetooth.devices, User: kCFPreferencesCurrentUser, ByHost: No, Container: /Library/Bluetooth, Contents Need Refresh: No) via CFPrefsSearchListSource<0x9920b6d80> (Domain: com.apple.MobileBluetooth.devices, Container: /Library/Bluetooth)
2026-05-08 00:43:48.519 Db bluetoothd[376:41d8] [com.apple.bluetooth:Server.Core] SDP record cache size 671 with 2 services
2026-05-08 00:43:48.518 Db audioaccessoryd[600:41c3] [com.apple.bluetooth:CoreBluetooth] -[CBClassicManager handlePeerConnectionStateUpdated:] {
    kCBMsgArgDeviceUUID = "3A98916D-37D0-765D-AD8B-4E2E2591EE5E";
    kCBMsgArgInternalState = 2;
    kCBMsgArgIsIncoming = 0;
    kCBMsgArgResult = 0;
    kCBMsgArgSDPRecordData = {length = 671, bytes = 0x02000302 00241100 00160000 00010400 ... 02010200 02000000 };
    kCBMsgArgServices =     (
                {
            kCBMsgArgPSM = 17;
            kCBMsgArgServiceUUID = {length = 2, bytes = 0x0011};
        },
                {
            kCBMsgArgPSM = 19;
            kCBMsgArgServiceUUID = {length = 2, bytes = 0x0011};
        },
                {
            kCBMsgArgPSM = 1;
            kCBMsgArgServiceUUID = {length = 2, bytes = 0x0001};
        }
    );
}
2026-05-08 00:43:48.519 Db bluetoothd[376:253c] [com.apple.bluetooth:Server.Security] XX:XX:XX:XX:XX:XX "HD 450BT" - "HD 450BT" hasTS: 0, res: 1
2026-05-08 00:43:48.517 Db heard[938:3f94] [com.apple.bluetooth:MobileBluetoothFramework] BTLocalDeviceGetModulePower over XPC
2026-05-08 00:43:48.518 E  audioaccessoryd[600:41c3] [com.apple.bluetooth:CoreBluetooth] No name or address
2026-05-08 00:43:48.519 Db bluetoothd[376:41d8] [com.apple.bluetooth:Server.Core] Returning sdp record NSData: {length = 671, bytes = 0x02000302 00241100 00160000 00010400 ... 02010200 02000000 }
2026-05-08 00:43:48.517 Db heard[938:3f94] [com.apple.bluetooth:MobileBluetoothFramework] sendSyncMsg service:com.apple.server.bluetooth.general.xpc, sessionName:com.apple.accessibility.heard-938 msgId:kCBMsgIdLocalDeviceGetModulePowerMsg fwSessionPtr:85002c000
2026-05-08 00:43:48.517 Db ContextStoreAgent[748:407c] [com.apple.bluetooth:MobileBluetoothFramework] BTLocalDeviceGetModulePower over XPC
2026-05-08 00:43:48.518 Db audioaccessoryd[600:41c3] [com.apple.bluetooth:CoreBluetooth] -[CBClassicPeer handlePeerUpdated:] Updating name in response to a peerUpdate XPC message.
2026-05-08 00:43:48.519 Db bluetoothd[376:253c] [com.apple.defaults:User Defaults] looked up value <private> for key XX:XX:XX:XX:XX:XX in CFPrefsPlistSource<0x9920b6000> (Domain: com.apple.MobileBluetooth.devices, User: kCFPreferencesCurrentUser, ByHost: No, Container: /Library/Bluetooth, Contents Need Refresh: No) via CFPrefsSearchListSource<0x9920b6d80> (Domain: com.apple.MobileBluetooth.devices, Container: /Library/Bluetooth)
2026-05-08 00:43:48.517 Db tipsd[1369:37d8] [com.apple.bluetooth:MobileBluetoothFramework] deviceServiceXpcMsgHandler msg:kCBMsgIdLocalDeviceStatusEvent sessionName:com.apple.tipsd-1369 serviceName:com.apple.server.bluetooth.general.xpc session:0 cbid:1 cb:0
2026-05-08 00:43:48.518 Df heard[938:3f94] [com.apple.bluetooth:MobileBluetoothFramework] kCBMsgIdLocalDeviceGetModulePowerMsg reply with power state: ffffffff, result: 0
2026-05-08 00:43:48.519 Db systemstats[322:411c] [com.apple.bluetooth:CoreBluetooth] -[CBClassicManager handlePeerConnectionStateUpdated:] {
    kCBMsgArgDeviceUUID = "3A98916D-37D0-765D-AD8B-4E2E2591EE5E";
    kCBMsgArgInternalState = 2;
    kCBMsgArgIsIncoming = 0;
    kCBMsgArgResult = 0;
    kCBMsgArgSDPRecordData = {length = 671, bytes = 0x02000302 00241100 00160000 00010400 ... 02010200 02000000 };
    kCBMsgArgServices =     (
                {
            kCBMsgArgPSM = 17;
            kCBMsgArgServiceUUID = {length = 2, bytes = 0x0011};
        },
                {
            kCBMsgArgPSM = 19;
            kCBMsgArgServiceUUID = {length = 2, bytes = 0x0011};
        },
                {
            kCBMsgArgPSM = 1;
            kCBMsgArgServiceUUID = {length = 2, bytes = 0x0001};
        }
    );
}
2026-05-08 00:43:48.517 Db ContextStoreAgent[748:407c] [com.apple.bluetooth:MobileBluetoothFramework] sendSyncMsg service:com.apple.server.bluetooth.general.xpc, sessionName:ContextStoreAgent-748 msgId:kCBMsgIdLocalDeviceGetModulePowerMsg fwSessionPtr:6a21dc000
2026-05-08 00:43:48.518 Db audioaccessoryd[600:41c3] [com.apple.bluetooth:CoreBluetooth] Sending synchronous XPC message 47: {
    kCBMsgArgDeviceUUID = "3A98916D-37D0-765D-AD8B-4E2E2591EE5E";
    kCBMsgArgInternalState = 2;
    kCBMsgArgIsIncoming = 0;
    kCBMsgArgResult = 0;
    kCBMsgArgSDPRecordData = {length = 671, bytes = 0x02000302 00241100 00160000 00010400 ... 02010200 02000000 };
    kCBMsgArgServices =     (
                {
            kCBMsgArgPSM = 17;
            kCBMsgArgServiceUUID = {length = 2, bytes = 0x0011};
        },
                {
            kCBMsgArgPSM = 19;
            kCBMsgArgServiceUUID = {length = 2, bytes = 0x0011};
        },
                {
            kCBMsgArgPSM = 1;
            kCBMsgArgServiceUUID = {length = 2, bytes = 0x0001};
        }
    );
}
2026-05-08 00:43:48.519 Db bluetoothd[376:41d8] [com.apple.bluetooth:Server.XPC] Sending XPC message "CBMsgIdPeerConnectionStateUpdated" to session "blueutil-555549444638cccf372830aa9d27a5ff8feba8c8-classic-1445-49"
